2026-04-18T09:28:32 | button_clicked | {"hostName": "newOutlookWindows", "hostVersion": "20260410002.36", "OWAView": "ThreeColumns"}
2026-04-18T09:28:32 | mode_detected | {"isCompose": false}
2026-04-18T09:28:32 | newOutlook_click | {"platform": "newOutlook", "payload": {"mode": "reply", "messageId": "<CABHUURbpB0rD9E8tvrv9BhznkJ0qjWO8oSinzLFTbGJ3zJJ-Vw@mail.gmail.com>", "subject": "Re: Point global [Public]", "fromName": "Florian Paugam", "fromEmail": "florian.paugam@phiwest.com", "from": "florian.paugam@phiwest.com", "to": "rywan.sadaoui@ca-indosuez.lu", "cc": "romain.fonck@ca-indosuez.lu,anaelle.delannay@ca-indosuez.lu", "hasAttachments": "0"}}
2026-04-18T09:28:32 | newOutlook_fetch_error | {"error": "TypeError: Failed to fetch"}
2026-04-18T09:37:38 | button_clicked | {"hostName": "newOutlookWindows", "hostVersion": "20260410002.36", "OWAView": "ThreeColumns"}
2026-04-18T09:37:38 | mode_detected | {"isCompose": false}
2026-04-18T09:37:38 | newOutlook_click | {"platform": "newOutlook", "payload": {"mode": "reply", "messageId": "<CABHUURbpB0rD9E8tvrv9BhznkJ0qjWO8oSinzLFTbGJ3zJJ-Vw@mail.gmail.com>", "subject": "Re: Point global [Public]", "fromName": "Florian Paugam", "fromEmail": "florian.paugam@phiwest.com", "from": "florian.paugam@phiwest.com", "to": "rywan.sadaoui@ca-indosuez.lu", "cc": "romain.fonck@ca-indosuez.lu,anaelle.delannay@ca-indosuez.lu", "hasAttachments": "0"}}
2026-04-18T09:37:38 | newOutlook_fetch_error | {"error": "TypeError: Failed to fetch"}
2026-04-18T09:41:10 | js_loaded | {"version": "v3-complete-after-fetch"}
2026-04-18T09:41:13 | button_clicked | {"hostName": "newOutlookWindows", "hostVersion": "20260410002.36", "OWAView": "ThreeColumns"}
2026-04-18T09:41:13 | mode_detected | {"isCompose": false}
2026-04-18T09:41:13 | newOutlook_click | {"platform": "newOutlook", "payload": {"mode": "reply", "messageId": "<CABHUURbpB0rD9E8tvrv9BhznkJ0qjWO8oSinzLFTbGJ3zJJ-Vw@mail.gmail.com>", "subject": "Re: Point global [Public]", "fromName": "Florian Paugam", "fromEmail": "florian.paugam@phiwest.com", "from": "florian.paugam@phiwest.com", "to": "rywan.sadaoui@ca-indosuez.lu", "cc": "romain.fonck@ca-indosuez.lu,anaelle.delannay@ca-indosuez.lu", "hasAttachments": "0"}}
2026-04-18T09:41:15 | newOutlook_fetch_result | {"status": 200, "ok": true}
2026-04-18T09:41:31 | js_loaded | {"version": "v3-complete-after-fetch"}
2026-04-18T09:41:33 | button_clicked | {"hostName": "newOutlookWindows", "hostVersion": "20260410002.36", "OWAView": "ThreeColumns"}
2026-04-18T09:41:33 | mode_detected | {"isCompose": false}
2026-04-18T09:41:33 | newOutlook_click | {"platform": "newOutlook", "payload": {"mode": "reply", "messageId": "<CABHUURbpB0rD9E8tvrv9BhznkJ0qjWO8oSinzLFTbGJ3zJJ-Vw@mail.gmail.com>", "subject": "Re: Point global [Public]", "fromName": "Florian Paugam", "fromEmail": "florian.paugam@phiwest.com", "from": "florian.paugam@phiwest.com", "to": "rywan.sadaoui@ca-indosuez.lu", "cc": "romain.fonck@ca-indosuez.lu,anaelle.delannay@ca-indosuez.lu", "hasAttachments": "0"}}
2026-04-18T09:41:37 | newOutlook_fetch_result | {"status": 200, "ok": true}
2026-04-18T09:41:37 | js_loaded | {"version": "v3-complete-after-fetch"}
2026-04-18T09:41:37 | button_clicked | {"hostName": "newOutlookWindows", "hostVersion": "20260410002.36", "OWAView": "ThreeColumns"}
2026-04-18T09:41:37 | mode_detected | {"isCompose": false}
2026-04-18T09:41:38 | newOutlook_click | {"platform": "newOutlook", "payload": {"mode": "reply", "messageId": "<CABHUURbpB0rD9E8tvrv9BhznkJ0qjWO8oSinzLFTbGJ3zJJ-Vw@mail.gmail.com>", "subject": "Re: Point global [Public]", "fromName": "Florian Paugam", "fromEmail": "florian.paugam@phiwest.com", "from": "florian.paugam@phiwest.com", "to": "rywan.sadaoui@ca-indosuez.lu", "cc": "romain.fonck@ca-indosuez.lu,anaelle.delannay@ca-indosuez.lu", "hasAttachments": "0"}}
2026-04-18T09:41:38 | js_loaded | {"version": "v3-complete-after-fetch"}
2026-04-18T09:41:40 | button_clicked | {"hostName": "newOutlookWindows", "hostVersion": "20260410002.36", "OWAView": "ThreeColumns"}
2026-04-18T09:41:40 | mode_detected | {"isCompose": false}
2026-04-18T09:41:40 | newOutlook_click | {"platform": "newOutlook", "payload": {"mode": "reply", "messageId": "<CABHUURbpB0rD9E8tvrv9BhznkJ0qjWO8oSinzLFTbGJ3zJJ-Vw@mail.gmail.com>", "subject": "Re: Point global [Public]", "fromName": "Florian Paugam", "fromEmail": "florian.paugam@phiwest.com", "from": "florian.paugam@phiwest.com", "to": "rywan.sadaoui@ca-indosuez.lu", "cc": "romain.fonck@ca-indosuez.lu,anaelle.delannay@ca-indosuez.lu", "hasAttachments": "0"}}
2026-04-18T09:41:40 | newOutlook_fetch_result | {"status": 200, "ok": true}
2026-04-18T09:41:42 | newOutlook_fetch_result | {"status": 200, "ok": true}
2026-04-18T09:51:17 | js_loaded | {"version": "v3-complete-after-fetch"}
2026-04-18T09:51:17 | button_clicked | {"hostName": "newOutlookWindows", "hostVersion": "20260410002.36", "OWAView": "ThreeColumns"}
2026-04-18T09:51:17 | mode_detected | {"isCompose": false}
2026-04-18T09:51:17 | newOutlook_click | {"platform": "newOutlook", "payload": {"mode": "reply", "messageId": "<CABHUURbpB0rD9E8tvrv9BhznkJ0qjWO8oSinzLFTbGJ3zJJ-Vw@mail.gmail.com>", "subject": "Re: Point global [Public]", "fromName": "Florian Paugam", "fromEmail": "florian.paugam@phiwest.com", "from": "florian.paugam@phiwest.com", "to": "rywan.sadaoui@ca-indosuez.lu", "cc": "romain.fonck@ca-indosuez.lu,anaelle.delannay@ca-indosuez.lu", "hasAttachments": "0"}}
2026-04-18T09:51:20 | newOutlook_fetch_result | {"status": 200, "ok": true}
2026-04-18T09:51:47 | js_loaded | {"version": "v3-complete-after-fetch"}
2026-04-18T09:51:47 | button_clicked | {"hostName": "newOutlookWindows", "hostVersion": "20260410002.36", "OWAView": "ThreeColumns"}
2026-04-18T09:51:47 | mode_detected | {"isCompose": false}
2026-04-18T09:51:47 | newOutlook_click | {"platform": "newOutlook", "payload": {"mode": "reply", "messageId": "<CABHUURbpB0rD9E8tvrv9BhznkJ0qjWO8oSinzLFTbGJ3zJJ-Vw@mail.gmail.com>", "subject": "Re: Point global [Public]", "fromName": "Florian Paugam", "fromEmail": "florian.paugam@phiwest.com", "from": "florian.paugam@phiwest.com", "to": "rywan.sadaoui@ca-indosuez.lu", "cc": "romain.fonck@ca-indosuez.lu,anaelle.delannay@ca-indosuez.lu", "hasAttachments": "0"}}
2026-04-18T09:51:49 | newOutlook_fetch_result | {"status": 200, "ok": true}
2026-04-18T09:54:03 | js_loaded | {"version": "v3-complete-after-fetch"}
2026-04-18T09:54:04 | button_clicked | {"hostName": "newOutlookWindows", "hostVersion": "20260410002.36", "OWAView": "ThreeColumns"}
2026-04-18T09:54:04 | mode_detected | {"isCompose": false}
2026-04-18T09:54:04 | newOutlook_click | {"platform": "newOutlook", "payload": {"mode": "reply", "messageId": "<CABHUURbpB0rD9E8tvrv9BhznkJ0qjWO8oSinzLFTbGJ3zJJ-Vw@mail.gmail.com>", "subject": "Re: Point global [Public]", "fromName": "Florian Paugam", "fromEmail": "florian.paugam@phiwest.com", "from": "florian.paugam@phiwest.com", "to": "rywan.sadaoui@ca-indosuez.lu", "cc": "romain.fonck@ca-indosuez.lu,anaelle.delannay@ca-indosuez.lu", "hasAttachments": "0"}}
2026-04-18T09:54:06 | newOutlook_fetch_result | {"status": 200, "ok": true}
2026-04-18T09:54:15 | js_loaded | {"version": "v3-complete-after-fetch"}
2026-04-18T09:54:15 | button_clicked | {"hostName": "newOutlookWindows", "hostVersion": "20260410002.36", "OWAView": "ThreeColumns"}
2026-04-18T09:54:15 | mode_detected | {"isCompose": false}
2026-04-18T09:54:15 | newOutlook_click | {"platform": "newOutlook", "payload": {"mode": "reply", "messageId": "<CABHUURbpB0rD9E8tvrv9BhznkJ0qjWO8oSinzLFTbGJ3zJJ-Vw@mail.gmail.com>", "subject": "Re: Point global [Public]", "fromName": "Florian Paugam", "fromEmail": "florian.paugam@phiwest.com", "from": "florian.paugam@phiwest.com", "to": "rywan.sadaoui@ca-indosuez.lu", "cc": "romain.fonck@ca-indosuez.lu,anaelle.delannay@ca-indosuez.lu", "hasAttachments": "0"}}
2026-04-18T09:54:18 | newOutlook_fetch_result | {"status": 200, "ok": true}
2026-04-18T09:54:34 | js_loaded | {"version": "v3-complete-after-fetch"}
2026-04-18T09:54:34 | button_clicked | {"hostName": "newOutlookWindows", "hostVersion": "20260410002.36", "OWAView": "ThreeColumns"}
2026-04-18T09:54:34 | mode_detected | {"isCompose": false}
2026-04-18T09:54:34 | newOutlook_click | {"platform": "newOutlook", "payload": {"mode": "reply", "messageId": "<CABHUURbpB0rD9E8tvrv9BhznkJ0qjWO8oSinzLFTbGJ3zJJ-Vw@mail.gmail.com>", "subject": "Re: Point global [Public]", "fromName": "Florian Paugam", "fromEmail": "florian.paugam@phiwest.com", "from": "florian.paugam@phiwest.com", "to": "rywan.sadaoui@ca-indosuez.lu", "cc": "romain.fonck@ca-indosuez.lu,anaelle.delannay@ca-indosuez.lu", "hasAttachments": "0"}}
2026-04-18T09:54:36 | newOutlook_fetch_result | {"status": 200, "ok": true}
2026-04-18T09:58:07 | js_loaded | {"version": "v3-complete-after-fetch"}
2026-04-18T09:58:07 | button_clicked | {"hostName": "newOutlookWindows", "hostVersion": "20260410002.36", "OWAView": "ThreeColumns"}
2026-04-18T09:58:07 | mode_detected | {"isCompose": false}
2026-04-18T09:58:07 | newOutlook_click | {"platform": "newOutlook", "payload": {"mode": "reply", "messageId": "<CABHUURbpB0rD9E8tvrv9BhznkJ0qjWO8oSinzLFTbGJ3zJJ-Vw@mail.gmail.com>", "subject": "Re: Point global [Public]", "fromName": "Florian Paugam", "fromEmail": "florian.paugam@phiwest.com", "from": "florian.paugam@phiwest.com", "to": "rywan.sadaoui@ca-indosuez.lu", "cc": "romain.fonck@ca-indosuez.lu,anaelle.delannay@ca-indosuez.lu", "hasAttachments": "0"}}
2026-04-18T09:58:09 | newOutlook_fetch_result | {"status": 200, "ok": true}
2026-04-18T10:00:53 | js_loaded | {"version": "v3-complete-after-fetch"}
2026-04-18T10:00:53 | button_clicked | {"hostName": "newOutlookWindows", "hostVersion": "20260410002.36", "OWAView": "ThreeColumns"}
2026-04-18T10:00:53 | mode_detected | {"isCompose": false}
2026-04-18T10:00:53 | newOutlook_click | {"platform": "newOutlook", "payload": {"mode": "reply", "messageId": "<CABHUURbpB0rD9E8tvrv9BhznkJ0qjWO8oSinzLFTbGJ3zJJ-Vw@mail.gmail.com>", "subject": "Re: Point global [Public]", "fromName": "Florian Paugam", "fromEmail": "florian.paugam@phiwest.com", "from": "florian.paugam@phiwest.com", "to": "rywan.sadaoui@ca-indosuez.lu", "cc": "romain.fonck@ca-indosuez.lu,anaelle.delannay@ca-indosuez.lu", "hasAttachments": "0"}}
2026-04-18T10:00:55 | newOutlook_fetch_result | {"status": 200, "ok": true}
2026-04-18T10:04:16 | js_loaded | {"version": "v3-complete-after-fetch"}
2026-04-18T10:04:17 | button_clicked | {"hostName": "newOutlookWindows", "hostVersion": "20260410002.37", "OWAView": "ThreeColumns"}
2026-04-18T10:04:17 | mode_detected | {"isCompose": false}
2026-04-18T10:04:17 | newOutlook_click | {"platform": "newOutlook", "payload": {"mode": "reply", "messageId": "<CABHUURbpB0rD9E8tvrv9BhznkJ0qjWO8oSinzLFTbGJ3zJJ-Vw@mail.gmail.com>", "subject": "Re: Point global [Public]", "fromName": "Florian Paugam", "fromEmail": "florian.paugam@phiwest.com", "from": "florian.paugam@phiwest.com", "to": "rywan.sadaoui@ca-indosuez.lu", "cc": "romain.fonck@ca-indosuez.lu,anaelle.delannay@ca-indosuez.lu", "hasAttachments": "0"}}
2026-04-18T10:04:19 | newOutlook_fetch_result | {"status": 200, "ok": true}
2026-04-18T10:04:36 | generate_reply_received | {"body_len": 2422, "body_preview": "Nous devions nous appeler lundi (je ne suis pas tombé au moment opportun)Puis, vous deviez planifier", "from_email": "florian.paugam@phiwest.com", "subject": "Re: Point global [Public]", "mode": "reply"}
