2026-04-16 13:24:05 [superviseur] ==================================================
2026-04-16 13:24:05 [superviseur] BoosterMail Superviseur demarre
2026-04-16 13:24:05 [superviseur] Repertoire: C:\EasyMail
2026-04-16 13:24:05 [superviseur] Pas de superviseur en cours (fichier PID absent)
2026-04-16 13:24:05 [superviseur] pythonw: C:\Users\yvanb\AppData\Local\Python\pythoncore-3.14-64\pythonw.exe
2026-04-16 13:24:06 [superviseur] Proto: lance (PID 15552, port 5050)
2026-04-16 13:24:09 [superviseur] Companion: lance (PID 18700, port 5051)
2026-04-16 13:24:12 [superviseur] Backend V2: lance (PID 20064, port 3443)
2026-04-16 13:24:12 [superviseur] Attente que les ports repondent...
2026-04-16 13:25:04 [superviseur] Ports en ecoute: [5050, 5051, 3443]
2026-04-16 13:25:04 [superviseur] Tous les processus sont prets
2026-04-16 13:50:56 [superviseur] ==================================================
2026-04-16 13:50:56 [superviseur] BoosterMail Superviseur demarre (mode watcher)
2026-04-16 13:50:56 [superviseur] Repertoire: C:\EasyMail
2026-04-16 13:51:00 [superviseur] pythonw: C:\Users\yvanb\AppData\Local\Python\pythoncore-3.14-64\pythonw.exe
2026-04-16 13:51:00 [superviseur] En attente d'Outlook...
2026-04-16 13:51:00 [superviseur] Outlook detecte (new_outlook) !
2026-04-16 13:51:30 [superviseur] Popup non cliquee apres 30s — lancement automatique des backends
2026-04-16 13:51:30 [superviseur] Lancement des 3 backends...
2026-04-16 13:51:31 [superviseur] Proto: lance (PID 20916, port 5050)
2026-04-16 13:51:33 [superviseur] Companion: lance (PID 27116, port 5051)
2026-04-16 13:51:37 [superviseur] Port 3443: PID 20064 tue
2026-04-16 13:51:37 [superviseur] Backend V2: lance (PID 17020, port 3443)
2026-04-16 13:51:37 [superviseur] Attente des ports...
2026-04-16 13:51:37 [superviseur] Ports prets: [5050, 5051, 3443]
2026-04-16 13:52:26 [superviseur] ==================================================
2026-04-16 13:52:26 [superviseur] BoosterMail Superviseur demarre (mode watcher)
2026-04-16 13:52:26 [superviseur] Repertoire: C:\EasyMail
2026-04-16 13:52:31 [superviseur] pythonw: C:\Users\yvanb\AppData\Local\Python\pythoncore-3.14-64\pythonw.exe
2026-04-16 13:52:31 [superviseur] En attente d'Outlook...
2026-04-16 13:52:31 [superviseur] Outlook detecte (new_outlook) !
2026-04-16 13:53:01 [superviseur] Popup non cliquee apres 30s — lancement automatique des backends
2026-04-16 13:53:01 [superviseur] Lancement des 3 backends...
2026-04-16 13:53:02 [superviseur] Proto: lance (PID 3944, port 5050)
2026-04-16 13:53:04 [superviseur] Companion: lance (PID 13512, port 5051)
2026-04-16 13:53:07 [superviseur] Port 3443: PID 20064 tue
2026-04-16 13:53:08 [superviseur] Backend V2: lance (PID 5324, port 3443)
2026-04-16 13:53:08 [superviseur] Attente des ports...
2026-04-16 13:53:08 [superviseur] Ports prets: [5050, 5051, 3443]
2026-04-16 13:54:28 [superviseur] ==================================================
2026-04-16 13:54:28 [superviseur] BoosterMail Superviseur demarre (mode watcher)
2026-04-16 13:54:28 [superviseur] Repertoire: C:\EasyMail
2026-04-16 13:54:33 [superviseur] pythonw: C:\Users\yvanb\AppData\Local\Python\pythoncore-3.14-64\pythonw.exe
2026-04-16 13:54:33 [superviseur] En attente d'Outlook...
2026-04-16 13:54:33 [superviseur] Outlook detecte (classic_outlook) !
2026-04-16 13:55:03 [superviseur] Popup non cliquee apres 30s — lancement automatique des backends
2026-04-16 13:55:03 [superviseur] Lancement des 3 backends...
2026-04-16 13:55:04 [superviseur] Proto: lance (PID 22280, port 5050)
2026-04-16 13:55:06 [superviseur] Companion: lance (PID 18700, port 5051)
2026-04-16 13:55:08 [superviseur] Port 3443: PID 20064 tue
2026-04-16 13:55:09 [superviseur] Backend V2: lance (PID 10852, port 3443)
2026-04-16 13:55:09 [superviseur] Attente des ports...
2026-04-16 13:55:09 [superviseur] Ports prets: [5050, 5051, 3443]
2026-04-16 13:55:46 [superviseur] ==================================================
2026-04-16 13:55:46 [superviseur] BoosterMail Superviseur demarre (mode watcher)
2026-04-16 13:55:46 [superviseur] Repertoire: C:\EasyMail
2026-04-16 13:55:52 [superviseur] pythonw: C:\Users\yvanb\AppData\Local\Python\pythoncore-3.14-64\pythonw.exe
2026-04-16 13:55:52 [superviseur] En attente d'Outlook...
2026-04-16 13:55:52 [superviseur] Outlook detecte (classic_outlook) !
2026-04-16 13:56:22 [superviseur] Popup non cliquee apres 30s — lancement automatique des backends
2026-04-16 13:56:22 [superviseur] Lancement des 3 backends...
2026-04-16 13:56:23 [superviseur] Proto: lance (PID 8112, port 5050)
2026-04-16 13:56:25 [superviseur] Companion: lance (PID 7384, port 5051)
2026-04-16 13:56:28 [superviseur] Port 3443: PID 17020 tue
2026-04-16 13:56:28 [superviseur] Backend V2: lance (PID 21736, port 3443)
2026-04-16 13:56:28 [superviseur] Attente des ports...
2026-04-16 13:56:37 [superviseur] Ports prets: [5050, 5051, 3443]
2026-04-16 14:00:37 [superviseur] ==================================================
2026-04-16 14:00:37 [superviseur] BoosterMail Superviseur demarre (mode watcher)
2026-04-16 14:00:37 [superviseur] Repertoire: C:\EasyMail
2026-04-16 14:00:41 [superviseur] pythonw: C:\Users\yvanb\AppData\Local\Python\pythoncore-3.14-64\pythonw.exe
2026-04-16 14:00:41 [superviseur] En attente d'Outlook...
2026-04-16 14:00:50 [superviseur] Outlook detecte (new_outlook) !
2026-04-16 14:01:20 [superviseur] Popup non cliquee apres 30s — lancement automatique des backends
2026-04-16 14:01:20 [superviseur] Lancement des 3 backends...
2026-04-16 14:01:22 [superviseur] Proto: lance (PID 5548, port 5050)
2026-04-16 14:01:24 [superviseur] Companion: lance (PID 29712, port 5051)
2026-04-16 14:01:27 [superviseur] Backend V2: lance (PID 13600, port 3443)
2026-04-16 14:01:27 [superviseur] Attente des ports...
2026-04-16 14:01:29 [superviseur] Ports prets: [5050, 5051, 3443]
2026-04-16 14:06:03 [superviseur] ==================================================
2026-04-16 14:06:03 [superviseur] BoosterMail Superviseur demarre (mode watcher)
2026-04-16 14:06:03 [superviseur] Repertoire: C:\EasyMail
2026-04-16 14:06:08 [superviseur] pythonw: C:\Users\yvanb\AppData\Local\Python\pythoncore-3.14-64\pythonw.exe
2026-04-16 14:06:08 [superviseur] En attente d'Outlook...
2026-04-16 14:06:08 [superviseur] Outlook detecte (new_outlook) !
2026-04-16 14:06:38 [superviseur] Popup non cliquee apres 30s — lancement automatique des backends
2026-04-16 14:06:38 [superviseur] Lancement des 3 backends...
2026-04-16 14:06:39 [superviseur] Companion: lance (PID 29040, port 5051)
2026-04-16 14:06:41 [superviseur] Backend V2: lance (PID 23912, port 3443)
2026-04-16 14:06:41 [superviseur] Attente des ports...
2026-04-16 14:06:43 [superviseur] Ports prets: [5051, 3443]
2026-04-16 14:09:11 [superviseur] ==================================================
2026-04-16 14:09:11 [superviseur] BoosterMail Superviseur demarre (mode watcher)
2026-04-16 14:09:11 [superviseur] Repertoire: C:\EasyMail
2026-04-16 14:09:15 [superviseur] pythonw: C:\Users\yvanb\AppData\Local\Python\pythoncore-3.14-64\pythonw.exe
2026-04-16 14:09:15 [superviseur] En attente d'Outlook...
2026-04-16 14:09:24 [superviseur] Outlook detecte (new_outlook) !
2026-04-16 14:09:30 [superviseur] Lancement des 3 backends...
2026-04-16 14:09:30 [superviseur] Attente des ports...
2026-04-16 14:09:31 [superviseur] Companion: lance (PID 25636, port 5051)
2026-04-16 14:09:33 [superviseur] Backend V2: lance (PID 29824, port 3443)
2026-04-16 14:09:34 [superviseur] Ports prets: [5051, 3443]
2026-04-16 14:12:55 [superviseur] ==================================================
2026-04-16 14:12:55 [superviseur] BoosterMail Superviseur demarre (mode watcher)
2026-04-16 14:12:55 [superviseur] Repertoire: C:\EasyMail
2026-04-16 14:13:00 [superviseur] pythonw: C:\Users\yvanb\AppData\Local\Python\pythoncore-3.14-64\pythonw.exe
2026-04-16 14:13:00 [superviseur] En attente d'Outlook...
2026-04-16 14:13:09 [superviseur] Outlook detecte (new_outlook) !
2026-04-16 14:13:17 [superviseur] Lancement des 3 backends...
2026-04-16 14:13:17 [superviseur] Attente des ports...
2026-04-16 14:13:18 [superviseur] Companion: lance (PID 5544, port 5051)
2026-04-16 14:13:20 [superviseur] Backend V2: lance (PID 26296, port 3443)
2026-04-16 14:13:21 [superviseur] Ports prets: [5051, 3443]
2026-04-16 14:13:51 [superviseur] Outlook ferme — arret des backends
2026-04-16 14:13:51 [superviseur] Arret des backends...
2026-04-16 14:13:51 [superviseur] Companion: arrete
2026-04-16 14:13:51 [superviseur] Backend V2: arrete
2026-04-16 14:13:51 [superviseur] Retour en mode attente Outlook...
2026-04-16 14:13:56 [superviseur] ==================================================
2026-04-16 14:13:56 [superviseur] BoosterMail Superviseur demarre (mode watcher)
2026-04-16 14:13:56 [superviseur] Repertoire: C:\EasyMail
2026-04-16 14:13:56 [superviseur] Pas de superviseur en cours
2026-04-16 14:13:56 [superviseur] pythonw: C:\Users\yvanb\AppData\Local\Python\pythoncore-3.14-64\pythonw.exe
2026-04-16 14:13:56 [superviseur] En attente d'Outlook...
2026-04-16 14:13:56 [superviseur] Outlook deja ouvert — attente qu'il se ferme d'abord...
2026-04-16 14:16:22 [superviseur] ==================================================
2026-04-16 14:16:22 [superviseur] BoosterMail Superviseur demarre (mode watcher)
2026-04-16 14:16:22 [superviseur] Repertoire: C:\EasyMail
2026-04-16 14:16:26 [superviseur] pythonw: C:\Users\yvanb\AppData\Local\Python\pythoncore-3.14-64\pythonw.exe
2026-04-16 14:16:26 [superviseur] En attente d'Outlook...
2026-04-16 14:16:32 [superviseur] Outlook detecte (new_outlook) !
2026-04-16 14:16:36 [superviseur] Lancement des 3 backends...
2026-04-16 14:16:36 [superviseur] Attente des ports...
2026-04-16 14:16:37 [superviseur] Companion: lance (PID 14956, port 5051)
2026-04-16 14:16:39 [superviseur] Backend V2: lance (PID 28300, port 3443)
2026-04-16 14:16:40 [superviseur] Ports prets: [5051, 3443]
2026-04-16 14:17:10 [superviseur] Outlook ferme — arret des backends
2026-04-16 14:17:10 [superviseur] Arret des backends...
2026-04-16 14:17:10 [superviseur] Companion: arrete
2026-04-16 14:17:10 [superviseur] Backend V2: arrete
2026-04-16 14:17:10 [superviseur] Retour en mode attente Outlook...
2026-04-16 14:17:10 [superviseur] ==================================================
2026-04-16 14:17:10 [superviseur] BoosterMail Superviseur demarre (mode watcher)
2026-04-16 14:17:10 [superviseur] Repertoire: C:\EasyMail
2026-04-16 14:17:10 [superviseur] Pas de superviseur en cours
2026-04-16 14:17:10 [superviseur] pythonw: C:\Users\yvanb\AppData\Local\Python\pythoncore-3.14-64\pythonw.exe
2026-04-16 14:17:10 [superviseur] En attente d'Outlook...
2026-04-16 14:17:10 [superviseur] Attente 10s que les fenetres Outlook disparaissent...
2026-04-16 14:17:20 [superviseur] Outlook detecte (new_outlook) !
2026-04-16 14:17:52 [superviseur] Popup non cliquee apres 30s — lancement automatique des backends
2026-04-16 14:17:52 [superviseur] Lancement des 3 backends...
2026-04-16 14:17:53 [superviseur] Companion: lance (PID 17548, port 5051)
2026-04-16 14:17:55 [superviseur] Port 3443: PID 28300 tue
2026-04-16 14:17:55 [superviseur] Backend V2: lance (PID 18356, port 3443)
2026-04-16 14:17:55 [superviseur] Attente des ports...
2026-04-16 14:17:55 [superviseur] Ports prets: [5051, 3443]
2026-04-16 14:21:06 [superviseur] ==================================================
2026-04-16 14:21:06 [superviseur] BoosterMail Superviseur demarre (mode watcher)
2026-04-16 14:21:06 [superviseur] Repertoire: C:\EasyMail
2026-04-16 14:21:11 [superviseur] pythonw: C:\Users\yvanb\AppData\Local\Python\pythoncore-3.14-64\pythonw.exe
2026-04-16 14:21:11 [superviseur] En attente d'Outlook...
2026-04-16 14:21:17 [superviseur] Outlook detecte (new_outlook) !
2026-04-16 14:21:19 [superviseur] Popup marketing lancee (processus separe)
2026-04-16 14:21:19 [superviseur] Attente clic utilisateur sur la popup...
2026-04-16 14:21:21 [superviseur] Signal 'Lancer' recu !
2026-04-16 14:21:21 [superviseur] Lancement des backends...
2026-04-16 14:21:22 [superviseur] Companion: lance (PID 23868, port 5051)
2026-04-16 14:21:24 [superviseur] Backend V2: lance (PID 22912, port 3443)
2026-04-16 14:21:25 [superviseur] Attente des ports...
2026-04-16 14:21:27 [superviseur] Ports prets: [5051, 3443]
2026-04-16 14:23:50 [superviseur] ==================================================
2026-04-16 14:23:50 [superviseur] BoosterMail Superviseur demarre (mode watcher)
2026-04-16 14:23:50 [superviseur] Repertoire: C:\EasyMail
2026-04-16 14:23:55 [superviseur] pythonw: C:\Users\yvanb\AppData\Local\Python\pythoncore-3.14-64\pythonw.exe
2026-04-16 14:23:55 [superviseur] En attente d'Outlook...
2026-04-16 14:24:01 [superviseur] Outlook detecte (new_outlook) !
2026-04-16 14:24:03 [superviseur] Popup marketing lancee (processus separe)
2026-04-16 14:24:04 [superviseur] Attente clic utilisateur sur la popup...
2026-04-16 14:24:08 [superviseur] Signal 'Lancer' recu !
2026-04-16 14:24:08 [superviseur] Lancement des backends...
2026-04-16 14:24:09 [superviseur] Companion: lance (PID 26956, port 5051)
2026-04-16 14:24:11 [superviseur] Backend V2: lance (PID 30180, port 3443)
2026-04-16 14:24:11 [superviseur] Attente des ports...
2026-04-16 14:24:13 [superviseur] Ports prets: [5051, 3443]
2026-04-16 14:26:33 [superviseur] ==================================================
2026-04-16 14:26:33 [superviseur] BoosterMail Superviseur demarre (mode watcher)
2026-04-16 14:26:33 [superviseur] Repertoire: C:\EasyMail
2026-04-16 14:26:38 [superviseur] pythonw: C:\Users\yvanb\AppData\Local\Python\pythoncore-3.14-64\pythonw.exe
2026-04-16 14:26:38 [superviseur] En attente d'Outlook...
2026-04-16 14:26:44 [superviseur] Outlook detecte (new_outlook) !
2026-04-16 14:26:46 [superviseur] Popup marketing lancee (processus separe)
2026-04-16 14:26:47 [superviseur] Attente clic utilisateur sur la popup...
2026-04-16 14:26:48 [superviseur] Signal 'Lancer' recu !
2026-04-16 14:26:48 [superviseur] Lancement des backends...
2026-04-16 14:26:49 [superviseur] Companion: lance (PID 20616, port 5051)
2026-04-16 14:26:51 [superviseur] Backend V2: lance (PID 19340, port 3443)
2026-04-16 14:26:51 [superviseur] Attente des ports...
2026-04-16 14:26:53 [superviseur] Ports prets: [5051, 3443]
2026-04-16 14:27:08 [superviseur] Outlook ferme — arret des backends
2026-04-16 14:27:08 [superviseur] Arret des backends...
2026-04-16 14:27:09 [superviseur] Companion: arrete
2026-04-16 14:27:09 [superviseur] Backend V2: arrete
2026-04-16 14:27:09 [superviseur] Retour en mode attente Outlook...
2026-04-16 14:27:09 [superviseur] ==================================================
2026-04-16 14:27:09 [superviseur] BoosterMail Superviseur demarre (mode watcher)
2026-04-16 14:27:09 [superviseur] Repertoire: C:\EasyMail
2026-04-16 14:27:09 [superviseur] Pas de superviseur en cours
2026-04-16 14:27:09 [superviseur] pythonw: C:\Users\yvanb\AppData\Local\Python\pythoncore-3.14-64\pythonw.exe
2026-04-16 14:27:09 [superviseur] En attente d'Outlook...
2026-04-16 14:27:09 [superviseur] Attente 10s que les fenetres Outlook disparaissent...
2026-04-16 14:27:22 [superviseur] Outlook detecte (new_outlook) !
2026-04-16 14:27:24 [superviseur] Popup marketing lancee (processus separe)
2026-04-16 14:27:25 [superviseur] Attente clic utilisateur sur la popup...
2026-04-16 14:28:25 [superviseur] Popup non cliquee apres 60s — lancement automatique
2026-04-16 14:28:25 [superviseur] Lancement des backends...
2026-04-16 14:28:26 [superviseur] Companion: lance (PID 3452, port 5051)
2026-04-16 14:28:28 [superviseur] Port 3443: PID 19340 tue
2026-04-16 14:28:29 [superviseur] Backend V2: lance (PID 22000, port 3443)
2026-04-16 14:28:29 [superviseur] Attente des ports...
2026-04-16 14:28:29 [superviseur] Ports prets: [5051, 3443]
2026-04-16 14:34:01 [superviseur] Outlook ferme — arret des backends
2026-04-16 14:34:01 [superviseur] Arret des backends...
2026-04-16 14:34:01 [superviseur] Companion: arrete
2026-04-16 14:34:01 [superviseur] Backend V2: arrete
2026-04-16 14:34:01 [superviseur] Retour en mode attente Outlook...
2026-04-16 14:34:01 [superviseur] ==================================================
2026-04-16 14:34:01 [superviseur] BoosterMail Superviseur demarre (mode watcher)
2026-04-16 14:34:01 [superviseur] Repertoire: C:\EasyMail
2026-04-16 14:34:01 [superviseur] Pas de superviseur en cours
2026-04-16 14:34:01 [superviseur] pythonw: C:\Users\yvanb\AppData\Local\Python\pythoncore-3.14-64\pythonw.exe
2026-04-16 14:34:01 [superviseur] En attente d'Outlook...
2026-04-16 14:34:01 [superviseur] Attente 10s que les fenetres Outlook disparaissent...
2026-04-16 14:34:11 [superviseur] Outlook detecte (new_outlook) !
2026-04-16 14:34:13 [superviseur] Popup marketing lancee (processus separe)
2026-04-16 14:34:14 [superviseur] Attente clic utilisateur sur la popup...
2026-04-16 14:34:16 [superviseur] Signal 'Lancer' recu !
2026-04-16 14:34:16 [superviseur] Lancement des backends...
2026-04-16 14:34:17 [superviseur] Companion: lance (PID 2404, port 5051)
2026-04-16 14:34:19 [superviseur] Port 3443: PID 22000 tue
2026-04-16 14:34:19 [superviseur] Backend V2: lance (PID 5116, port 3443)
2026-04-16 14:34:19 [superviseur] Attente des ports...
2026-04-16 14:34:19 [superviseur] Ports prets: [5051, 3443]
2026-04-16 14:39:15 [superviseur] Outlook ferme — arret des backends
2026-04-16 14:39:15 [superviseur] Arret des backends...
2026-04-16 14:39:15 [superviseur] Companion: arrete
2026-04-16 14:39:15 [superviseur] Backend V2: arrete
2026-04-16 14:39:15 [superviseur] Retour en mode attente Outlook...
2026-04-16 14:39:15 [superviseur] ==================================================
2026-04-16 14:39:15 [superviseur] BoosterMail Superviseur demarre (mode watcher)
2026-04-16 14:39:15 [superviseur] Repertoire: C:\EasyMail
2026-04-16 14:39:15 [superviseur] Pas de superviseur en cours
2026-04-16 14:39:15 [superviseur] pythonw: C:\Users\yvanb\AppData\Local\Python\pythoncore-3.14-64\pythonw.exe
2026-04-16 14:39:15 [superviseur] En attente d'Outlook...
2026-04-16 14:39:15 [superviseur] Attente 10s que les fenetres Outlook disparaissent...
2026-04-16 14:39:25 [superviseur] Outlook detecte (new_outlook) !
2026-04-16 14:39:27 [superviseur] Popup marketing lancee (processus separe)
2026-04-16 14:39:28 [superviseur] Attente clic utilisateur sur la popup...
2026-04-16 14:39:29 [superviseur] Signal 'Lancer' recu !
2026-04-16 14:39:29 [superviseur] Lancement des backends...
2026-04-16 14:39:30 [superviseur] Companion: lance (PID 29396, port 5051)
2026-04-16 14:39:31 [superviseur] Port 3443: PID 5116 tue
2026-04-16 14:39:32 [superviseur] Backend V2: lance (PID 25396, port 3443)
2026-04-16 14:39:32 [superviseur] Attente des ports...
2026-04-16 14:39:32 [superviseur] Ports prets: [5051, 3443]
2026-04-16 14:51:10 [superviseur] Outlook ferme — arret des backends
2026-04-16 14:51:10 [superviseur] Arret des backends...
2026-04-16 14:51:10 [superviseur] Companion: arrete
2026-04-16 14:51:10 [superviseur] Backend V2: arrete
2026-04-16 14:51:10 [superviseur] Retour en mode attente Outlook...
2026-04-16 14:51:10 [superviseur] ==================================================
2026-04-16 14:51:10 [superviseur] BoosterMail Superviseur demarre (mode watcher)
2026-04-16 14:51:10 [superviseur] Repertoire: C:\EasyMail
2026-04-16 14:51:10 [superviseur] Pas de superviseur en cours
2026-04-16 14:51:10 [superviseur] pythonw: C:\Users\yvanb\AppData\Local\Python\pythoncore-3.14-64\pythonw.exe
2026-04-16 14:51:10 [superviseur] En attente d'Outlook...
2026-04-16 14:51:10 [superviseur] Attente 10s que les fenetres Outlook disparaissent...
2026-04-16 14:51:20 [superviseur] Outlook detecte (new_outlook) !
2026-04-16 14:51:22 [superviseur] Popup marketing lancee (processus separe)
2026-04-16 14:51:23 [superviseur] Attente clic utilisateur sur la popup...
2026-04-16 14:51:25 [superviseur] Signal 'Lancer' recu !
2026-04-16 14:51:25 [superviseur] Lancement des backends...
2026-04-16 14:51:26 [superviseur] Companion: lance (PID 13848, port 5051)
2026-04-16 14:51:28 [superviseur] Port 3443: PID 25396 tue
2026-04-16 14:51:28 [superviseur] Backend V2: lance (PID 2636, port 3443)
2026-04-16 14:51:28 [superviseur] Attente des ports...
2026-04-16 14:51:28 [superviseur] Ports prets: [5051, 3443]
2026-04-16 15:15:09 [superviseur] ==================================================
2026-04-16 15:15:09 [superviseur] BoosterMail Superviseur demarre (mode watcher)
2026-04-16 15:15:09 [superviseur] Repertoire: C:\EasyMail
2026-04-16 15:15:14 [superviseur] pythonw: C:\Users\yvanb\AppData\Local\Python\pythoncore-3.14-64\pythonw.exe
2026-04-16 15:15:14 [superviseur] En attente d'Outlook...
2026-04-16 15:15:14 [superviseur] Outlook deja ouvert — attente qu'il se ferme d'abord (max 5 min)...
2026-04-16 15:15:17 [superviseur] Outlook ferme. En attente d'une NOUVELLE ouverture...
2026-04-16 15:15:26 [superviseur] Outlook detecte (new_outlook) !
2026-04-16 15:15:28 [superviseur] Popup marketing lancee (processus separe)
2026-04-16 15:15:29 [superviseur] Attente clic utilisateur sur la popup...
2026-04-16 15:15:39 [superviseur] Signal 'Lancer' recu !
2026-04-16 15:15:39 [superviseur] Lancement des backends...
2026-04-16 15:15:40 [superviseur] Companion: lance (PID 212, port 5051)
2026-04-16 15:15:42 [superviseur] Backend V2: lance (PID 26884, port 3443)
2026-04-16 15:15:42 [superviseur] Attente des ports...
2026-04-16 15:15:44 [superviseur] Ports prets: [5051, 3443]
2026-04-16 15:15:44 [superviseur] Overlay PyQt lance (PID 2712)
2026-04-16 15:20:24 [superviseur] Outlook ferme — arret des backends
2026-04-16 15:20:24 [superviseur] Arret des backends...
2026-04-16 15:20:24 [superviseur] Companion: arrete
2026-04-16 15:20:24 [superviseur] Backend V2: arrete
2026-04-16 15:20:25 [superviseur] Overlay PyQt arrete
2026-04-16 15:20:25 [superviseur] Retour en mode attente Outlook...
2026-04-16 15:20:25 [superviseur] ==================================================
2026-04-16 15:20:25 [superviseur] BoosterMail Superviseur demarre (mode watcher)
2026-04-16 15:20:25 [superviseur] Repertoire: C:\EasyMail
2026-04-16 15:20:25 [superviseur] Pas de superviseur en cours
2026-04-16 15:20:25 [superviseur] pythonw: C:\Users\yvanb\AppData\Local\Python\pythoncore-3.14-64\pythonw.exe
2026-04-16 15:20:25 [superviseur] En attente d'Outlook...
2026-04-16 15:20:25 [superviseur] Attente 10s que les fenetres Outlook disparaissent...
2026-04-16 15:20:38 [superviseur] Outlook detecte (new_outlook) !
2026-04-16 15:20:40 [superviseur] Popup marketing lancee (processus separe)
2026-04-16 15:20:41 [superviseur] Attente clic utilisateur sur la popup...
2026-04-16 15:20:42 [superviseur] Signal 'Lancer' recu !
2026-04-16 15:20:42 [superviseur] Lancement des backends...
2026-04-16 15:20:43 [superviseur] Companion: lance (PID 21836, port 5051)
2026-04-16 15:20:44 [superviseur] Port 3443: PID 26884 tue
2026-04-16 15:20:45 [superviseur] Backend V2: lance (PID 4952, port 3443)
2026-04-16 15:20:45 [superviseur] Attente des ports...
2026-04-16 15:20:45 [superviseur] Ports prets: [5051, 3443]
2026-04-16 15:20:45 [superviseur] Overlay PyQt lance (PID 7116)
2026-04-16 15:28:00 [superviseur] Outlook ferme — arret des backends
2026-04-16 15:28:00 [superviseur] Arret des backends...
2026-04-16 15:28:00 [superviseur] Companion: arrete
2026-04-16 15:28:00 [superviseur] Backend V2: arrete
2026-04-16 15:28:03 [superviseur] Overlay PyQt arrete
2026-04-16 15:28:03 [superviseur] Retour en mode attente Outlook...
2026-04-16 15:28:03 [superviseur] ==================================================
2026-04-16 15:28:03 [superviseur] BoosterMail Superviseur demarre (mode watcher)
2026-04-16 15:28:03 [superviseur] Repertoire: C:\EasyMail
2026-04-16 15:28:03 [superviseur] Pas de superviseur en cours
2026-04-16 15:28:03 [superviseur] pythonw: C:\Users\yvanb\AppData\Local\Python\pythoncore-3.14-64\pythonw.exe
2026-04-16 15:28:03 [superviseur] En attente d'Outlook...
2026-04-16 15:28:03 [superviseur] Attente 10s que les fenetres Outlook disparaissent...
2026-04-16 15:28:13 [superviseur] Outlook detecte (new_outlook) !
2026-04-16 15:28:15 [superviseur] Popup marketing lancee (processus separe)
2026-04-16 15:28:16 [superviseur] Attente clic utilisateur sur la popup...
2026-04-16 15:28:17 [superviseur] Signal 'Lancer' recu !
2026-04-16 15:28:17 [superviseur] Lancement des backends...
2026-04-16 15:28:18 [superviseur] Companion: lance (PID 2512, port 5051)
2026-04-16 15:28:20 [superviseur] Port 3443: PID 4952 tue
2026-04-16 15:28:20 [superviseur] Backend V2: lance (PID 12780, port 3443)
2026-04-16 15:28:20 [superviseur] Attente des ports...
2026-04-16 15:28:20 [superviseur] Ports prets: [5051, 3443]
2026-04-16 15:28:20 [superviseur] Overlay PyQt lance (PID 27060)
2026-04-16 15:32:20 [superviseur] Outlook ferme — arret des backends
2026-04-16 15:32:20 [superviseur] Arret des backends...
2026-04-16 15:32:20 [superviseur] Companion: arrete
2026-04-16 15:32:21 [superviseur] Backend V2: arrete
2026-04-16 15:32:21 [superviseur] Overlay PyQt arrete
2026-04-16 15:32:21 [superviseur] Retour en mode attente Outlook...
2026-04-16 15:32:21 [superviseur] ==================================================
2026-04-16 15:32:21 [superviseur] BoosterMail Superviseur demarre (mode watcher)
2026-04-16 15:32:21 [superviseur] Repertoire: C:\EasyMail
2026-04-16 15:32:21 [superviseur] Pas de superviseur en cours
2026-04-16 15:32:21 [superviseur] pythonw: C:\Users\yvanb\AppData\Local\Python\pythoncore-3.14-64\pythonw.exe
2026-04-16 15:32:21 [superviseur] En attente d'Outlook...
2026-04-16 15:32:21 [superviseur] Attente 10s que les fenetres Outlook disparaissent...
2026-04-16 15:32:34 [superviseur] Outlook detecte (new_outlook) !
2026-04-16 15:32:36 [superviseur] Popup marketing lancee (processus separe)
2026-04-16 15:32:37 [superviseur] Attente clic utilisateur sur la popup...
2026-04-16 15:32:38 [superviseur] Signal 'Lancer' recu !
2026-04-16 15:32:38 [superviseur] Lancement des backends...
2026-04-16 15:32:39 [superviseur] Companion: lance (PID 30552, port 5051)
2026-04-16 15:32:42 [superviseur] Port 3443: PID 12780 tue
2026-04-16 15:32:42 [superviseur] Backend V2: lance (PID 14028, port 3443)
2026-04-16 15:32:42 [superviseur] Attente des ports...
2026-04-16 15:32:42 [superviseur] Ports prets: [5051, 3443]
2026-04-16 15:32:42 [superviseur] Overlay PyQt lance (PID 4276)
2026-04-16 15:38:18 [superviseur] Outlook ferme — arret des backends
2026-04-16 15:38:18 [superviseur] Arret des backends...
2026-04-16 15:38:18 [superviseur] Companion: arrete
2026-04-16 15:38:18 [superviseur] Backend V2: arrete
2026-04-16 15:38:18 [superviseur] Overlay PyQt arrete
2026-04-16 15:38:18 [superviseur] Retour en mode attente Outlook...
2026-04-16 15:38:18 [superviseur] ==================================================
2026-04-16 15:38:18 [superviseur] BoosterMail Superviseur demarre (mode watcher)
2026-04-16 15:38:18 [superviseur] Repertoire: C:\EasyMail
2026-04-16 15:38:18 [superviseur] Pas de superviseur en cours
2026-04-16 15:38:18 [superviseur] pythonw: C:\Users\yvanb\AppData\Local\Python\pythoncore-3.14-64\pythonw.exe
2026-04-16 15:38:18 [superviseur] En attente d'Outlook...
2026-04-16 15:38:18 [superviseur] Attente 10s que les fenetres Outlook disparaissent...
2026-04-16 15:44:19 [superviseur] Outlook detecte (new_outlook) !
2026-04-16 15:44:21 [superviseur] Popup marketing lancee (processus separe)
2026-04-16 15:44:22 [superviseur] Attente clic utilisateur sur la popup...
2026-04-16 15:44:30 [superviseur] Signal 'Lancer' recu !
2026-04-16 15:44:30 [superviseur] Lancement des backends...
2026-04-16 15:44:31 [superviseur] Companion: lance (PID 1000, port 5051)
2026-04-16 15:44:32 [superviseur] Port 3443: PID 14028 tue
2026-04-16 15:44:33 [superviseur] Backend V2: lance (PID 27736, port 3443)
2026-04-16 15:44:33 [superviseur] Attente des ports...
2026-04-16 15:44:33 [superviseur] Ports prets: [5051, 3443]
2026-04-16 15:44:33 [superviseur] Overlay PyQt lance (PID 3592)
2026-04-16 15:47:33 [superviseur] Outlook ferme — arret des backends
2026-04-16 15:47:33 [superviseur] Arret des backends...
2026-04-16 15:47:33 [superviseur] Companion: arrete
2026-04-16 15:47:33 [superviseur] Backend V2: arrete
2026-04-16 15:47:33 [superviseur] Overlay PyQt arrete
2026-04-16 15:47:33 [superviseur] Retour en mode attente Outlook...
2026-04-16 15:47:33 [superviseur] ==================================================
2026-04-16 15:47:33 [superviseur] BoosterMail Superviseur demarre (mode watcher)
2026-04-16 15:47:33 [superviseur] Repertoire: C:\EasyMail
2026-04-16 15:47:33 [superviseur] Pas de superviseur en cours
2026-04-16 15:47:33 [superviseur] pythonw: C:\Users\yvanb\AppData\Local\Python\pythoncore-3.14-64\pythonw.exe
2026-04-16 15:47:33 [superviseur] En attente d'Outlook...
2026-04-16 15:47:33 [superviseur] Attente 10s que les fenetres Outlook disparaissent...
2026-04-16 15:48:58 [superviseur] Outlook detecte (new_outlook) !
2026-04-16 15:49:00 [superviseur] Popup marketing lancee (processus separe)
2026-04-16 15:49:01 [superviseur] Attente clic utilisateur sur la popup...
2026-04-16 15:49:02 [superviseur] Signal 'Lancer' recu !
2026-04-16 15:49:02 [superviseur] Lancement des backends...
2026-04-16 15:49:03 [superviseur] Companion: lance (PID 18548, port 5051)
2026-04-16 15:49:05 [superviseur] Backend V2: lance (PID 9992, port 3443)
2026-04-16 15:49:05 [superviseur] Attente des ports...
2026-04-16 15:49:07 [superviseur] Ports prets: [5051, 3443]
2026-04-16 15:49:07 [superviseur] Overlay PyQt lance (PID 2380)
2026-04-16 15:50:07 [superviseur] Outlook ferme — arret des backends
2026-04-16 15:50:07 [superviseur] Arret des backends...
2026-04-16 15:50:07 [superviseur] Companion: arrete
2026-04-16 15:50:07 [superviseur] Backend V2: arrete
2026-04-16 15:50:08 [superviseur] Overlay PyQt arrete
2026-04-16 15:50:08 [superviseur] Retour en mode attente Outlook...
2026-04-16 15:50:08 [superviseur] ==================================================
2026-04-16 15:50:08 [superviseur] BoosterMail Superviseur demarre (mode watcher)
2026-04-16 15:50:08 [superviseur] Repertoire: C:\EasyMail
2026-04-16 15:50:08 [superviseur] Pas de superviseur en cours
2026-04-16 15:50:08 [superviseur] pythonw: C:\Users\yvanb\AppData\Local\Python\pythoncore-3.14-64\pythonw.exe
2026-04-16 15:50:08 [superviseur] En attente d'Outlook...
2026-04-16 15:50:08 [superviseur] Attente 10s que les fenetres Outlook disparaissent...
2026-04-16 15:50:27 [superviseur] Outlook detecte (new_outlook) !
2026-04-16 15:50:29 [superviseur] Popup marketing lancee (processus separe)
2026-04-16 15:50:30 [superviseur] Attente clic utilisateur sur la popup...
2026-04-16 15:50:31 [superviseur] Signal 'Lancer' recu !
2026-04-16 15:50:31 [superviseur] Lancement des backends...
2026-04-16 15:50:32 [superviseur] Companion: lance (PID 26544, port 5051)
2026-04-16 15:50:34 [superviseur] Port 3443: PID 9992 tue
2026-04-16 15:50:34 [superviseur] Backend V2: lance (PID 19920, port 3443)
2026-04-16 15:50:34 [superviseur] Attente des ports...
2026-04-16 15:50:34 [superviseur] Ports prets: [5051, 3443]
2026-04-16 15:50:34 [superviseur] Overlay PyQt lance (PID 18880)
2026-04-16 16:12:45 [superviseur] ==================================================
2026-04-16 16:12:45 [superviseur] BoosterMail Superviseur demarre (mode watcher)
2026-04-16 16:12:45 [superviseur] Repertoire: C:\EasyMail
2026-04-16 16:12:45 [superviseur] Pas de superviseur en cours
2026-04-16 16:12:45 [superviseur] pythonw: C:\Users\yvanb\AppData\Local\Python\pythoncore-3.14-64\pythonw.exe
2026-04-16 16:12:45 [superviseur] En attente d'Outlook...
2026-04-16 16:12:45 [superviseur] Outlook deja ouvert — attente qu'il se ferme d'abord (max 5 min)...
2026-04-16 16:13:33 [superviseur] Outlook ferme. En attente d'une NOUVELLE ouverture...
2026-04-16 16:13:43 [superviseur] ==================================================
2026-04-16 16:13:43 [superviseur] BoosterMail Superviseur demarre (mode watcher)
2026-04-16 16:13:43 [superviseur] Repertoire: C:\EasyMail
2026-04-16 16:13:43 [superviseur] Pas de superviseur en cours
2026-04-16 16:13:43 [superviseur] pythonw: C:\Users\yvanb\AppData\Local\Python\pythoncore-3.14-64\pythonw.exe
2026-04-16 16:13:43 [superviseur] En attente d'Outlook...
2026-04-16 16:13:49 [superviseur] Outlook detecte (new_outlook) !
2026-04-16 16:13:51 [superviseur] Popup marketing lancee (processus separe)
2026-04-16 16:13:52 [superviseur] Attente clic utilisateur sur la popup...
2026-04-16 16:14:53 [superviseur] Popup non cliquee apres 60s — lancement automatique
2026-04-16 16:14:53 [superviseur] Lancement des backends...
2026-04-16 16:14:54 [superviseur] Companion: lance (PID 17672, port 5051)
2026-04-16 16:14:56 [superviseur] Backend V2: lance (PID 3624, port 3443)
2026-04-16 16:14:56 [superviseur] Attente des ports...
2026-04-16 16:14:58 [superviseur] Ports prets: [5051, 3443]
2026-04-16 16:14:58 [superviseur] Overlay lance (PID 22396)
2026-04-16 16:14:58 [overlay] Overlay demarre
2026-04-16 16:14:58 [overlay] Fenetre pywebview creee (311x194 a -331,275)
2026-04-16 16:14:58 [overlay] WinEventHook installe (PID Outlook=11732)
2026-04-16 16:14:58 [overlay] pythonnet cannot be loaded
Traceback (most recent call last):
  File "C:\Users\yvanb\AppData\Local\Python\pythoncore-3.14-64\Lib\site-packages\webview\platforms\winforms.py", line 14, in <module>
    import clr
ModuleNotFoundError: No module named 'clr'

During handling of the above exception, another exception occurred:

Traceback (most recent call last):
  File "C:\Users\yvanb\AppData\Local\Python\pythoncore-3.14-64\Lib\site-packages\webview\guilib.py", line 74, in import_winforms
    import webview.platforms.winforms as guilib
  File "C:\Users\yvanb\AppData\Local\Python\pythoncore-3.14-64\Lib\site-packages\webview\platforms\winforms.py", line 17, in <module>
    import clr
ModuleNotFoundError: No module named 'clr'
2026-04-16 16:19:29 [overlay] Outlook detecte (hwnd=5965278), overlay (-495, 413, 420, 291)
2026-04-16 16:19:29 [overlay] Overlay demarre
2026-04-16 16:21:23 [overlay] Outlook ferme, overlay cache
2026-04-16 16:21:36 [overlay] Outlook pas visible, position par defaut
2026-04-16 16:21:36 [overlay] Overlay demarre
2026-04-16 16:21:49 [overlay] Outlook detecte (hwnd=11535658)
2026-04-16 16:23:50 [overlay] Outlook ferme, overlay cache
2026-04-16 16:23:54 [overlay] Outlook detecte (hwnd=9766334)
2026-04-16 17:00:13 [overlay] Outlook ferme, overlay cache
2026-04-16 17:00:22 [overlay] Outlook detecte (hwnd=18744668)
2026-04-16 17:01:35 [overlay] Outlook ferme, overlay cache
2026-04-16 17:01:44 [overlay] Outlook detecte (hwnd=6359156)
2026-04-16 17:07:43 [overlay] Outlook ferme, overlay cache
2026-04-16 17:07:48 [overlay] Outlook detecte (hwnd=9177546)
2026-04-16 17:07:59 [overlay] Outlook ferme, overlay cache
2026-04-16 17:08:06 [overlay] Outlook detecte (hwnd=1968924)
2026-04-16 17:10:30 [overlay] Outlook ferme, overlay cache
2026-04-16 17:12:58 [overlay] Outlook detecte (hwnd=8783584)
2026-04-16 17:13:02 [overlay] Outlook ferme, overlay cache
2026-04-16 17:15:30 [overlay] Outlook detecte (hwnd=12125946)
2026-04-16 19:05:48 [superviseur] ==================================================
2026-04-16 19:05:48 [superviseur] BoosterMail Superviseur demarre (mode watcher)
2026-04-16 19:05:48 [superviseur] Repertoire: C:\EasyMail
2026-04-16 19:05:48 [superviseur] Pas de superviseur en cours
2026-04-16 19:05:48 [superviseur] pythonw: C:\Users\yvanb\AppData\Local\Python\pythoncore-3.14-64\pythonw.exe
2026-04-16 19:05:48 [superviseur] En attente d'Outlook...
2026-04-16 19:06:03 [superviseur] Outlook detecte (new_outlook) !
2026-04-16 19:06:05 [superviseur] Popup marketing lancee (processus separe)
2026-04-16 19:06:06 [superviseur] Attente clic utilisateur sur la popup...
2026-04-16 19:06:07 [superviseur] Signal 'Lancer' recu !
2026-04-16 19:06:07 [superviseur] Lancement des backends...
2026-04-16 19:06:08 [superviseur] Companion: lance (PID 35516, port 5051)
2026-04-16 19:06:10 [superviseur] Backend V2: lance (PID 7588, port 3443)
2026-04-16 19:06:10 [superviseur] Attente des ports...
2026-04-16 19:06:12 [superviseur] Ports prets: [5051, 3443]
2026-04-16 19:06:12 [superviseur] Classic Outlook detecte \u2192 lancement Proto + icone tray
2026-04-16 19:06:13 [superviseur] Proto lance (PID 30252, port 5050)
2026-04-16 19:06:13 [superviseur] Icone tray lancee (PID 13988)
2026-04-16 19:06:13 [tray] Classic Outlook detecte — lancement icone tray
2026-04-16 19:06:14 [tray] Icone tray demarree
2026-04-16 19:08:23 [superviseur] Outlook ferme — arret des backends
2026-04-16 19:08:23 [superviseur] Arret des backends...
2026-04-16 19:08:23 [superviseur] Companion: arrete
2026-04-16 19:08:23 [superviseur] Backend V2: arrete
2026-04-16 19:08:23 [superviseur] Proto arrete
2026-04-16 19:08:23 [superviseur] Tray arrete
2026-04-16 19:08:23 [superviseur] Retour en mode attente Outlook...
2026-04-16 19:08:23 [superviseur] ==================================================
2026-04-16 19:08:23 [superviseur] BoosterMail Superviseur demarre (mode watcher)
2026-04-16 19:08:23 [superviseur] Repertoire: C:\EasyMail
2026-04-16 19:08:23 [superviseur] Pas de superviseur en cours
2026-04-16 19:08:23 [superviseur] pythonw: C:\Users\yvanb\AppData\Local\Python\pythoncore-3.14-64\pythonw.exe
2026-04-16 19:08:23 [superviseur] En attente d'Outlook...
2026-04-16 19:08:23 [superviseur] Attente 10s que les fenetres Outlook disparaissent...
2026-04-16 19:08:33 [superviseur] Outlook detecte (new_outlook) !
2026-04-16 19:08:35 [superviseur] Popup marketing lancee (processus separe)
2026-04-16 19:08:36 [superviseur] Attente clic utilisateur sur la popup...
2026-04-16 19:08:37 [superviseur] Signal 'Lancer' recu !
2026-04-16 19:08:37 [superviseur] Lancement des backends...
2026-04-16 19:08:38 [superviseur] Companion: lance (PID 38072, port 5051)
2026-04-16 19:08:40 [superviseur] Port 3443: PID 7588 tue
2026-04-16 19:08:40 [superviseur] Backend V2: lance (PID 38380, port 3443)
2026-04-16 19:08:40 [superviseur] Attente des ports...
2026-04-16 19:08:40 [superviseur] Ports prets: [5051, 3443]
2026-04-16 19:08:41 [superviseur] Classic Outlook detecte \u2192 lancement Proto + icone tray
2026-04-16 19:08:42 [superviseur] Proto lance (PID 13248, port 5050)
2026-04-16 19:08:42 [superviseur] Icone tray lancee (PID 37736)
2026-04-16 19:08:42 [tray] Classic Outlook detecte — lancement icone tray
2026-04-16 19:08:42 [tray] Icone tray demarree
2026-04-16 19:09:54 [tray] Ouverture inbox proto
2026-04-16 19:14:23 [superviseur] ==================================================
2026-04-16 19:14:23 [superviseur] BoosterMail Superviseur demarre (mode watcher)
2026-04-16 19:14:23 [superviseur] Repertoire: C:\EasyMail
2026-04-16 19:14:23 [superviseur] Pas de superviseur en cours
2026-04-16 19:14:23 [superviseur] pythonw: C:\Users\yvanb\AppData\Local\Python\pythoncore-3.14-64\pythonw.exe
2026-04-16 19:14:23 [superviseur] En attente d'Outlook...
2026-04-16 19:14:23 [superviseur] Outlook deja ouvert — attente qu'il se ferme d'abord (max 5 min)...
2026-04-16 19:14:29 [superviseur] Outlook ferme. En attente d'une NOUVELLE ouverture...
2026-04-16 19:14:38 [superviseur] Outlook detecte (new_outlook) !
2026-04-16 19:14:40 [superviseur] Popup marketing lancee (processus separe)
2026-04-16 19:14:41 [superviseur] Attente clic utilisateur sur la popup...
2026-04-16 19:14:42 [superviseur] Signal 'Lancer' recu !
2026-04-16 19:14:42 [superviseur] Lancement des backends...
2026-04-16 19:14:43 [superviseur] Companion: lance (PID 22104, port 5051)
2026-04-16 19:14:45 [superviseur] Backend V2: lance (PID 32352, port 3443)
2026-04-16 19:14:45 [superviseur] Attente des ports...
2026-04-16 19:14:47 [superviseur] Ports prets: [5051, 3443]
2026-04-16 19:14:47 [superviseur] Classic Outlook detecte \u2192 lancement Proto + icone tray
2026-04-16 19:14:48 [superviseur] Proto lance (PID 34240, port 5050)
2026-04-16 19:14:48 [superviseur] Icone tray lancee (PID 34092)
2026-04-16 19:14:48 [tray] Classic Outlook detecte — lancement icone tray
2026-04-16 19:14:48 [tray] Icone tray demarree
2026-04-16 20:34:35 [superviseur] Outlook ferme — arret des backends
2026-04-16 20:34:35 [superviseur] Arret des backends...
2026-04-16 20:34:35 [superviseur] Companion: arrete
2026-04-16 20:34:35 [superviseur] Backend V2: arrete
2026-04-16 20:34:35 [superviseur] Proto arrete
2026-04-16 20:34:35 [superviseur] Tray arrete
2026-04-16 20:34:35 [superviseur] Retour en mode attente Outlook...
2026-04-16 20:34:35 [superviseur] ==================================================
2026-04-16 20:34:35 [superviseur] BoosterMail Superviseur demarre (mode watcher)
2026-04-16 20:34:35 [superviseur] Repertoire: C:\EasyMail
2026-04-16 20:34:35 [superviseur] Pas de superviseur en cours
2026-04-16 20:34:35 [superviseur] pythonw: C:\Users\yvanb\AppData\Local\Python\pythoncore-3.14-64\pythonw.exe
2026-04-16 20:34:35 [superviseur] En attente d'Outlook...
2026-04-16 20:34:35 [superviseur] Attente 10s que les fenetres Outlook disparaissent...
2026-04-17 06:54:43 [superviseur] ==================================================
2026-04-17 06:54:43 [superviseur] BoosterMail Superviseur demarre (mode watcher)
2026-04-17 06:54:43 [superviseur] Repertoire: C:\EasyMail
2026-04-17 06:54:49 [superviseur] pythonw: C:\Users\yvanb\AppData\Local\Python\pythoncore-3.14-64\pythonw.exe
2026-04-17 06:54:49 [superviseur] En attente d'Outlook...
2026-04-17 06:58:25 [superviseur] Outlook detecte (new_outlook) !
2026-04-17 06:58:28 [superviseur] Popup marketing lancee (processus separe)
2026-04-17 06:58:29 [superviseur] Attente clic utilisateur sur la popup...
2026-04-17 07:00:02 [superviseur] Popup non cliquee apres 60s — lancement automatique
2026-04-17 07:00:02 [superviseur] Lancement des backends...
2026-04-17 07:00:03 [superviseur] Companion: lance (PID 29188, port 5051)
2026-04-17 07:00:05 [superviseur] Backend V2: lance (PID 29224, port 3443)
2026-04-17 07:00:05 [superviseur] Attente des ports...
2026-04-17 07:00:22 [superviseur] Ports prets: [5051, 3443]
2026-04-17 07:00:22 [superviseur] Classic Outlook detecte \u2192 lancement Proto + icone tray
2026-04-17 07:00:23 [superviseur] Proto lance (PID 28904, port 5050)
2026-04-17 07:00:23 [superviseur] Icone tray lancee (PID 28900)
2026-04-17 07:00:23 [tray] Classic Outlook detecte — lancement icone tray
2026-04-17 07:00:26 [tray] Icone tray demarree
2026-04-17 10:19:40 [superviseur] ==================================================
2026-04-17 10:19:40 [superviseur] BoosterMail Superviseur demarre (mode watcher)
2026-04-17 10:19:40 [superviseur] Repertoire: C:\EasyMail
2026-04-17 10:19:45 [superviseur] pythonw: C:\Users\yvanb\AppData\Local\Python\pythoncore-3.14-64\pythonw.exe
2026-04-17 10:19:45 [superviseur] En attente d'Outlook...
2026-04-17 11:50:12 [superviseur] Outlook detecte (new_outlook) !
2026-04-17 11:50:14 [superviseur] Popup marketing lancee (processus separe)
2026-04-17 11:50:15 [superviseur] Attente clic utilisateur sur la popup...
2026-04-17 11:50:22 [superviseur] Signal 'Lancer' recu !
2026-04-17 11:50:22 [superviseur] Lancement des backends...
2026-04-17 11:50:23 [superviseur] Companion: lance (PID 17040, port 5051)
2026-04-17 11:50:27 [superviseur] Backend V2: lance (PID 18160, port 3443)
2026-04-17 11:50:27 [superviseur] Attente des ports...
2026-04-17 11:52:22 [superviseur] Ports prets: [5051, 3443]
2026-04-17 11:52:22 [superviseur] Classic Outlook detecte \u2192 lancement Proto + icone tray
2026-04-17 11:52:23 [superviseur] Proto lance (PID 10760, port 5050)
2026-04-17 11:52:23 [superviseur] Icone tray lancee (PID 27252)
2026-04-17 11:52:23 [tray] Classic Outlook detecte — lancement icone tray
2026-04-17 11:52:23 [tray] Icone tray demarree
2026-04-17 11:52:28 [superviseur] Outlook ferme — arret des backends
2026-04-17 11:52:28 [superviseur] Arret des backends...
2026-04-17 11:52:28 [superviseur] Companion: arrete
2026-04-17 11:52:28 [superviseur] Backend V2: arrete
2026-04-17 11:52:28 [superviseur] Proto arrete
2026-04-17 11:52:28 [superviseur] Tray arrete
2026-04-17 11:52:28 [superviseur] Retour en mode attente Outlook...
2026-04-17 11:52:28 [superviseur] ==================================================
2026-04-17 11:52:28 [superviseur] BoosterMail Superviseur demarre (mode watcher)
2026-04-17 11:52:28 [superviseur] Repertoire: C:\EasyMail
2026-04-17 11:52:28 [superviseur] Pas de superviseur en cours
2026-04-17 11:52:28 [superviseur] pythonw: C:\Users\yvanb\AppData\Local\Python\pythoncore-3.14-64\pythonw.exe
2026-04-17 11:52:28 [superviseur] En attente d'Outlook...
2026-04-17 11:52:28 [superviseur] Attente 10s que les fenetres Outlook disparaissent...
2026-04-17 14:07:35 [superviseur] Outlook detecte (new_outlook) !
2026-04-17 14:07:53 [superviseur] Popup marketing lancee (processus separe)
2026-04-17 14:07:58 [superviseur] Attente clic utilisateur sur la popup...
2026-04-17 14:08:07 [superviseur] Signal 'Lancer' recu !
2026-04-17 14:08:07 [superviseur] Lancement des backends...
2026-04-17 14:08:13 [superviseur] Companion: lance (PID 28820, port 5051)
2026-04-17 14:08:19 [superviseur] Port 3443: PID 18160 tue
2026-04-17 14:08:19 [superviseur] Backend V2: lance (PID 4896, port 3443)
2026-04-17 14:08:19 [superviseur] Attente des ports...
2026-04-17 14:08:19 [superviseur] Ports prets: [5051, 3443]
2026-04-17 14:08:19 [superviseur] Classic Outlook detecte \u2192 lancement Proto + icone tray
2026-04-17 14:08:20 [superviseur] Proto lance (PID 26416, port 5050)
2026-04-17 14:08:20 [superviseur] Icone tray lancee (PID 26916)
2026-04-17 14:08:21 [tray] Classic Outlook detecte — lancement icone tray
2026-04-17 14:08:21 [tray] Icone tray demarree
2026-04-17 16:34:22 [superviseur] Companion: mort detecte
2026-04-17 16:34:22 [superviseur] Companion: relance (1/5)
2026-04-17 16:34:25 [superviseur] Companion: lance (PID 18136, port 5051)
2026-04-17 16:41:19 [superviseur] Backend V2: mort detecte
2026-04-17 16:41:19 [superviseur] Backend V2: relance (1/5)
2026-04-17 16:41:20 [superviseur] Backend V2: lance (PID 33140, port 3443)
2026-04-17 19:42:30 [superviseur] Outlook ferme — arret des backends
2026-04-17 19:42:30 [superviseur] Arret des backends...
2026-04-17 19:42:30 [superviseur] Companion: arrete
2026-04-17 19:42:30 [superviseur] Backend V2: arrete
2026-04-17 19:42:30 [superviseur] Proto arrete
2026-04-17 19:42:30 [superviseur] Tray arrete
2026-04-17 19:42:30 [superviseur] Retour en mode attente Outlook...
2026-04-17 19:42:30 [superviseur] ==================================================
2026-04-17 19:42:30 [superviseur] BoosterMail Superviseur demarre (mode watcher)
2026-04-17 19:42:30 [superviseur] Repertoire: C:\EasyMail
2026-04-17 19:42:30 [superviseur] Pas de superviseur en cours
2026-04-17 19:42:30 [superviseur] pythonw: C:\Users\yvanb\AppData\Local\Python\pythoncore-3.14-64\pythonw.exe
2026-04-17 19:42:30 [superviseur] En attente d'Outlook...
2026-04-17 19:42:30 [superviseur] Attente 10s que les fenetres Outlook disparaissent...
2026-04-18 07:53:51 [superviseur] ==================================================
2026-04-18 07:53:51 [superviseur] BoosterMail Superviseur demarre (mode watcher)
2026-04-18 07:53:51 [superviseur] Repertoire: C:\EasyMail
2026-04-18 07:53:55 [superviseur] pythonw: C:\Users\yvanb\AppData\Local\Python\pythoncore-3.14-64\pythonw.exe
2026-04-18 07:53:55 [superviseur] En attente d'Outlook...
2026-04-18 07:57:04 [superviseur] Outlook detecte (new_outlook) !
2026-04-18 07:57:06 [superviseur] Popup marketing lancee (processus separe)
2026-04-18 07:57:07 [superviseur] Attente clic utilisateur sur la popup...
2026-04-18 07:57:13 [superviseur] Signal 'Lancer' recu !
2026-04-18 07:57:13 [superviseur] Lancement des backends...
2026-04-18 07:57:14 [superviseur] Companion: lance (PID 39860, port 5051)
2026-04-18 07:57:16 [superviseur] Backend V2: lance (PID 32756, port 3443)
2026-04-18 07:57:16 [superviseur] Attente des ports...
2026-04-18 07:57:30 [superviseur] Ports prets: [5051, 3443]
2026-04-18 07:57:30 [superviseur] Classic Outlook detecte \u2192 lancement Proto + icone tray
2026-04-18 07:57:31 [superviseur] Proto lance (PID 4440, port 5050)
2026-04-18 07:57:31 [superviseur] Icone tray lancee (PID 2528)
2026-04-18 07:57:31 [tray] Classic Outlook detecte — lancement icone tray
2026-04-18 07:57:32 [tray] Icone tray demarree
2026-04-18 08:00:02 [superviseur] Outlook ferme — arret des backends
2026-04-18 08:00:02 [superviseur] Arret des backends...
2026-04-18 08:00:02 [superviseur] Companion: arrete
2026-04-18 08:00:02 [superviseur] Backend V2: arrete
2026-04-18 08:00:02 [superviseur] Proto arrete
2026-04-18 08:00:02 [superviseur] Tray arrete
2026-04-18 08:00:02 [superviseur] Retour en mode attente Outlook...
2026-04-18 08:00:02 [superviseur] ==================================================
2026-04-18 08:00:02 [superviseur] BoosterMail Superviseur demarre (mode watcher)
2026-04-18 08:00:02 [superviseur] Repertoire: C:\EasyMail
2026-04-18 08:00:02 [superviseur] Pas de superviseur en cours
2026-04-18 08:00:02 [superviseur] pythonw: C:\Users\yvanb\AppData\Local\Python\pythoncore-3.14-64\pythonw.exe
2026-04-18 08:00:02 [superviseur] En attente d'Outlook...
2026-04-18 08:00:02 [superviseur] Attente 10s que les fenetres Outlook disparaissent...
2026-04-18 08:00:12 [superviseur] Outlook detecte (new_outlook) !
2026-04-18 08:00:14 [superviseur] Popup marketing lancee (processus separe)
2026-04-18 08:00:15 [superviseur] Attente clic utilisateur sur la popup...
2026-04-18 08:00:16 [superviseur] Signal 'Lancer' recu !
2026-04-18 08:00:16 [superviseur] Lancement des backends...
2026-04-18 08:00:17 [superviseur] Companion: lance (PID 32420, port 5051)
2026-04-18 08:00:19 [superviseur] Port 3443: PID 32756 tue
2026-04-18 08:00:19 [superviseur] Backend V2: lance (PID 17260, port 3443)
2026-04-18 08:00:19 [superviseur] Attente des ports...
2026-04-18 08:00:19 [superviseur] Ports prets: [5051, 3443]
2026-04-18 08:00:19 [superviseur] Classic Outlook detecte \u2192 lancement Proto + icone tray
2026-04-18 08:00:20 [superviseur] Proto lance (PID 41748, port 5050)
2026-04-18 08:00:20 [superviseur] Icone tray lancee (PID 7188)
2026-04-18 08:00:21 [tray] Classic Outlook detecte — lancement icone tray
2026-04-18 08:00:21 [tray] Icone tray demarree
2026-04-18 08:14:41 [superviseur] Outlook ferme — arret des backends
2026-04-18 08:14:41 [superviseur] Arret des backends...
2026-04-18 08:14:46 [superviseur] Companion: arrete
2026-04-18 08:14:48 [superviseur] Backend V2: arrete
2026-04-18 08:14:49 [superviseur] Proto arrete
2026-04-18 08:14:49 [superviseur] Tray arrete
2026-04-18 08:14:49 [superviseur] Retour en mode attente Outlook...
2026-04-18 08:14:49 [superviseur] ==================================================
2026-04-18 08:14:49 [superviseur] BoosterMail Superviseur demarre (mode watcher)
2026-04-18 08:14:49 [superviseur] Repertoire: C:\EasyMail
2026-04-18 08:14:49 [superviseur] Pas de superviseur en cours
2026-04-18 08:14:49 [superviseur] pythonw: C:\Users\yvanb\AppData\Local\Python\pythoncore-3.14-64\pythonw.exe
2026-04-18 08:14:49 [superviseur] En attente d'Outlook...
2026-04-18 08:14:49 [superviseur] Attente 10s que les fenetres Outlook disparaissent...
2026-04-18 08:15:18 [superviseur] Outlook detecte (new_outlook) !
2026-04-18 08:15:25 [superviseur] Popup marketing lancee (processus separe)
2026-04-18 08:15:26 [superviseur] Attente clic utilisateur sur la popup...
2026-04-18 08:16:02 [superviseur] Signal 'Lancer' recu !
2026-04-18 08:16:02 [superviseur] Lancement des backends...
2026-04-18 08:16:03 [superviseur] Companion: lance (PID 18344, port 5051)
2026-04-18 08:16:06 [superviseur] Port 3443: PID 17260 tue
2026-04-18 08:16:08 [superviseur] Backend V2: lance (PID 36488, port 3443)
2026-04-18 08:16:08 [superviseur] Attente des ports...
2026-04-18 08:16:25 [superviseur] Ports prets: [5051, 3443]
2026-04-18 08:16:25 [superviseur] Classic Outlook detecte \u2192 lancement Proto + icone tray
2026-04-18 08:16:26 [superviseur] Proto lance (PID 37876, port 5050)
2026-04-18 08:16:26 [superviseur] Icone tray lancee (PID 41024)
2026-04-18 08:16:26 [tray] Classic Outlook detecte — lancement icone tray
2026-04-18 08:16:26 [tray] Icone tray demarree
2026-04-18 08:49:45 [superviseur] Backend V2: mort detecte
2026-04-18 08:49:45 [superviseur] Backend V2: relance (1/5)
2026-04-18 08:49:46 [superviseur] Port 3443: PID 36488 tue
2026-04-18 08:49:46 [superviseur] Backend V2: lance (PID 22040, port 3443)
2026-04-18 08:51:18 [superviseur] Backend V2: mort detecte
2026-04-18 08:51:18 [superviseur] Backend V2: relance (2/5)
2026-04-18 08:51:19 [superviseur] Port 3443: PID 26928 tue
2026-04-18 08:51:19 [superviseur] Backend V2: lance (PID 39052, port 3443)
2026-04-18 08:51:52 [superviseur] Companion: mort detecte
2026-04-18 08:51:52 [superviseur] Companion: relance (1/5)
2026-04-18 08:51:55 [superviseur] Companion: lance (PID 28896, port 5051)
2026-04-18 08:52:28 [superviseur] Backend V2: mort detecte
2026-04-18 08:52:28 [superviseur] Backend V2: relance (3/5)
2026-04-18 08:52:28 [superviseur] Port 3443: PID 36488 tue
2026-04-18 08:52:29 [superviseur] Backend V2: lance (PID 26420, port 3443)
2026-04-18 09:00:02 [superviseur] Outlook ferme — arret des backends
2026-04-18 09:00:02 [superviseur] Arret des backends...
2026-04-18 09:00:02 [superviseur] Companion: arrete
2026-04-18 09:00:02 [superviseur] Backend V2: arrete
2026-04-18 09:00:02 [superviseur] Tray arrete
2026-04-18 09:00:02 [superviseur] Retour en mode attente Outlook...
2026-04-18 09:00:02 [superviseur] ==================================================
2026-04-18 09:00:02 [superviseur] BoosterMail Superviseur demarre (mode watcher)
2026-04-18 09:00:02 [superviseur] Repertoire: C:\EasyMail
2026-04-18 09:00:02 [superviseur] Pas de superviseur en cours
2026-04-18 09:00:02 [superviseur] pythonw: C:\Users\yvanb\AppData\Local\Python\pythoncore-3.14-64\pythonw.exe
2026-04-18 09:00:02 [superviseur] En attente d'Outlook...
2026-04-18 09:00:02 [superviseur] Attente 10s que les fenetres Outlook disparaissent...
2026-04-18 09:00:37 [superviseur] Outlook detecte (new_outlook) !
2026-04-18 09:00:39 [superviseur] Popup marketing lancee (processus separe)
2026-04-18 09:00:40 [superviseur] Attente clic utilisateur sur la popup...
2026-04-18 09:01:43 [superviseur] Popup non cliquee apres 60s — lancement automatique
2026-04-18 09:01:43 [superviseur] Lancement des backends...
2026-04-18 09:01:44 [superviseur] Companion: lance (PID 26352, port 5051)
2026-04-18 09:01:45 [superviseur] Port 3443: PID 26420 tue
2026-04-18 09:01:46 [superviseur] Backend V2: lance (PID 21408, port 3443)
2026-04-18 09:01:46 [superviseur] Attente des ports...
2026-04-18 09:01:46 [superviseur] Ports prets: [5051, 3443]
2026-04-18 09:01:46 [superviseur] Classic Outlook detecte \u2192 lancement Proto + icone tray
2026-04-18 09:01:47 [superviseur] Proto lance (PID 21696, port 5050)
2026-04-18 09:01:47 [superviseur] Icone tray lancee (PID 23808)
2026-04-18 09:01:47 [tray] Classic Outlook detecte — lancement icone tray
2026-04-18 09:01:47 [tray] Icone tray demarree
2026-04-18 09:01:57 [superviseur] Outlook ferme — arret des backends
2026-04-18 09:01:57 [superviseur] Arret des backends...
2026-04-18 09:01:57 [superviseur] Companion: arrete
2026-04-18 09:01:58 [superviseur] Backend V2: arrete
2026-04-18 09:01:58 [superviseur] Proto arrete
2026-04-18 09:01:58 [superviseur] Tray arrete
2026-04-18 09:01:58 [superviseur] Retour en mode attente Outlook...
2026-04-18 09:01:58 [superviseur] ==================================================
2026-04-18 09:01:58 [superviseur] BoosterMail Superviseur demarre (mode watcher)
2026-04-18 09:01:58 [superviseur] Repertoire: C:\EasyMail
2026-04-18 09:01:58 [superviseur] Pas de superviseur en cours
2026-04-18 09:01:58 [superviseur] pythonw: C:\Users\yvanb\AppData\Local\Python\pythoncore-3.14-64\pythonw.exe
2026-04-18 09:01:58 [superviseur] En attente d'Outlook...
2026-04-18 09:01:58 [superviseur] Attente 10s que les fenetres Outlook disparaissent...
2026-04-18 09:03:57 [superviseur] Outlook detecte (new_outlook) !
2026-04-18 09:04:01 [superviseur] Popup marketing lancee (processus separe)
2026-04-18 09:04:02 [superviseur] Attente clic utilisateur sur la popup...
2026-04-18 09:04:04 [superviseur] Signal 'Lancer' recu !
2026-04-18 09:04:04 [superviseur] Lancement des backends...
2026-04-18 09:04:05 [superviseur] Companion: lance (PID 11268, port 5051)
2026-04-18 09:04:15 [superviseur] Port 3443: PID 22040 tue
2026-04-18 09:04:16 [superviseur] Backend V2: lance (PID 32032, port 3443)
2026-04-18 09:04:16 [superviseur] Attente des ports...
2026-04-18 09:04:16 [superviseur] Ports prets: [5051, 3443]
2026-04-18 09:04:16 [superviseur] Classic Outlook detecte \u2192 lancement Proto + icone tray
2026-04-18 09:04:18 [superviseur] Proto lance (PID 16788, port 5050)
2026-04-18 09:04:18 [superviseur] Icone tray lancee (PID 32040)
2026-04-18 09:04:18 [tray] Classic Outlook detecte — lancement icone tray
2026-04-18 09:04:18 [tray] Icone tray demarree
2026-04-18 09:05:44 [superviseur] Outlook ferme — arret des backends
2026-04-18 09:05:44 [superviseur] Arret des backends...
2026-04-18 09:05:44 [superviseur] Companion: arrete
2026-04-18 09:05:44 [superviseur] Backend V2: arrete
2026-04-18 09:05:44 [superviseur] Proto arrete
2026-04-18 09:05:44 [superviseur] Tray arrete
2026-04-18 09:05:44 [superviseur] Retour en mode attente Outlook...
2026-04-18 09:05:44 [superviseur] ==================================================
2026-04-18 09:05:44 [superviseur] BoosterMail Superviseur demarre (mode watcher)
2026-04-18 09:05:44 [superviseur] Repertoire: C:\EasyMail
2026-04-18 09:05:44 [superviseur] Pas de superviseur en cours
2026-04-18 09:05:44 [superviseur] pythonw: C:\Users\yvanb\AppData\Local\Python\pythoncore-3.14-64\pythonw.exe
2026-04-18 09:05:44 [superviseur] En attente d'Outlook...
2026-04-18 09:05:44 [superviseur] Attente 10s que les fenetres Outlook disparaissent...
2026-04-18 09:06:18 [superviseur] Outlook detecte (new_outlook) !
2026-04-18 09:06:20 [superviseur] Popup marketing lancee (processus separe)
2026-04-18 09:06:21 [superviseur] Attente clic utilisateur sur la popup...
2026-04-18 09:06:23 [superviseur] Signal 'Lancer' recu !
2026-04-18 09:06:23 [superviseur] Lancement des backends...
2026-04-18 09:06:24 [superviseur] Companion: lance (PID 27072, port 5051)
2026-04-18 09:06:25 [superviseur] Port 3443: PID 22040 tue
2026-04-18 09:06:26 [superviseur] Backend V2: lance (PID 41920, port 3443)
2026-04-18 09:06:26 [superviseur] Attente des ports...
2026-04-18 09:06:26 [superviseur] Ports prets: [5051, 3443]
2026-04-18 09:06:26 [superviseur] Classic Outlook detecte \u2192 lancement Proto + icone tray
2026-04-18 09:06:28 [superviseur] Proto lance (PID 39152, port 5050)
2026-04-18 09:06:28 [superviseur] Icone tray lancee (PID 29008)
2026-04-18 09:06:28 [tray] Classic Outlook detecte — lancement icone tray
2026-04-18 09:06:28 [tray] Icone tray demarree
2026-04-18 09:11:46 [superviseur] Outlook ferme — arret des backends
2026-04-18 09:11:46 [superviseur] Arret des backends...
2026-04-18 09:11:46 [superviseur] Companion: arrete
2026-04-18 09:11:46 [superviseur] Backend V2: arrete
2026-04-18 09:11:46 [superviseur] Proto arrete
2026-04-18 09:11:46 [superviseur] Tray arrete
2026-04-18 09:11:46 [superviseur] Retour en mode attente Outlook...
2026-04-18 09:11:46 [superviseur] ==================================================
2026-04-18 09:11:46 [superviseur] BoosterMail Superviseur demarre (mode watcher)
2026-04-18 09:11:46 [superviseur] Repertoire: C:\EasyMail
2026-04-18 09:11:46 [superviseur] Pas de superviseur en cours
2026-04-18 09:11:46 [superviseur] pythonw: C:\Users\yvanb\AppData\Local\Python\pythoncore-3.14-64\pythonw.exe
2026-04-18 09:11:46 [superviseur] En attente d'Outlook...
2026-04-18 09:11:46 [superviseur] Attente 10s que les fenetres Outlook disparaissent...
2026-04-18 09:12:37 [superviseur] Outlook detecte (new_outlook) !
2026-04-18 09:12:39 [superviseur] Popup marketing lancee (processus separe)
2026-04-18 09:12:40 [superviseur] Attente clic utilisateur sur la popup...
2026-04-18 09:12:42 [superviseur] Signal 'Lancer' recu !
2026-04-18 09:12:42 [superviseur] Lancement des backends...
2026-04-18 09:12:44 [superviseur] Companion: lance (PID 40596, port 5051)
2026-04-18 09:12:45 [superviseur] Port 3443: PID 22040 tue
2026-04-18 09:12:45 [superviseur] Backend V2: lance (PID 32192, port 3443)
2026-04-18 09:12:45 [superviseur] Attente des ports...
2026-04-18 09:12:45 [superviseur] Ports prets: [5051, 3443]
2026-04-18 09:12:45 [superviseur] Classic Outlook detecte \u2192 lancement Proto + icone tray
2026-04-18 09:12:46 [superviseur] Proto lance (PID 41964, port 5050)
2026-04-18 09:12:46 [superviseur] Icone tray lancee (PID 28336)
2026-04-18 09:12:47 [tray] Classic Outlook detecte — lancement icone tray
2026-04-18 09:12:47 [tray] Icone tray demarree
2026-04-18 09:26:33 [superviseur] Outlook ferme — arret des backends
2026-04-18 09:26:33 [superviseur] Arret des backends...
2026-04-18 09:26:33 [superviseur] Companion: arrete
2026-04-18 09:26:33 [superviseur] Backend V2: arrete
2026-04-18 09:26:33 [superviseur] Proto arrete
2026-04-18 09:26:33 [superviseur] Tray arrete
2026-04-18 09:26:33 [superviseur] Retour en mode attente Outlook...
2026-04-18 09:26:33 [superviseur] ==================================================
2026-04-18 09:26:33 [superviseur] BoosterMail Superviseur demarre (mode watcher)
2026-04-18 09:26:33 [superviseur] Repertoire: C:\EasyMail
2026-04-18 09:26:33 [superviseur] Pas de superviseur en cours
2026-04-18 09:26:33 [superviseur] pythonw: C:\Users\yvanb\AppData\Local\Python\pythoncore-3.14-64\pythonw.exe
2026-04-18 09:26:33 [superviseur] En attente d'Outlook...
2026-04-18 09:26:33 [superviseur] Attente 10s que les fenetres Outlook disparaissent...
2026-04-18 09:26:46 [superviseur] Outlook detecte (new_outlook) !
2026-04-18 09:26:48 [superviseur] Popup marketing lancee (processus separe)
2026-04-18 09:26:49 [superviseur] Attente clic utilisateur sur la popup...
2026-04-18 09:26:53 [superviseur] Signal 'Lancer' recu !
2026-04-18 09:26:53 [superviseur] Lancement des backends...
2026-04-18 09:26:54 [superviseur] Companion: lance (PID 35812, port 5051)
2026-04-18 09:26:56 [superviseur] Port 3443: PID 32192 tue
2026-04-18 09:26:56 [superviseur] Backend V2: lance (PID 17064, port 3443)
2026-04-18 09:26:56 [superviseur] Attente des ports...
2026-04-18 09:26:58 [superviseur] Ports prets: [5051, 3443]
2026-04-18 09:26:58 [superviseur] Classic Outlook detecte \u2192 lancement Proto + icone tray
2026-04-18 09:26:59 [superviseur] Proto lance (PID 38200, port 5050)
2026-04-18 09:26:59 [superviseur] Icone tray lancee (PID 7104)
2026-04-18 09:26:59 [tray] Classic Outlook detecte — lancement icone tray
2026-04-18 09:27:00 [tray] Icone tray demarree
2026-04-18 09:36:47 [superviseur] Outlook ferme — arret des backends
2026-04-18 09:36:47 [superviseur] Arret des backends...
2026-04-18 09:36:47 [superviseur] Companion: arrete
2026-04-18 09:36:47 [superviseur] Backend V2: arrete
2026-04-18 09:36:47 [superviseur] Proto arrete
2026-04-18 09:36:47 [superviseur] Tray arrete
2026-04-18 09:36:47 [superviseur] Retour en mode attente Outlook...
2026-04-18 09:36:48 [superviseur] ==================================================
2026-04-18 09:36:48 [superviseur] BoosterMail Superviseur demarre (mode watcher)
2026-04-18 09:36:48 [superviseur] Repertoire: C:\EasyMail
2026-04-18 09:36:48 [superviseur] Pas de superviseur en cours
2026-04-18 09:36:48 [superviseur] pythonw: C:\Users\yvanb\AppData\Local\Python\pythoncore-3.14-64\pythonw.exe
2026-04-18 09:36:48 [superviseur] En attente d'Outlook...
2026-04-18 09:36:48 [superviseur] Attente 10s que les fenetres Outlook disparaissent...
2026-04-18 09:36:58 [superviseur] Outlook detecte (new_outlook) !
2026-04-18 09:37:00 [superviseur] Popup marketing lancee (processus separe)
2026-04-18 09:37:01 [superviseur] Attente clic utilisateur sur la popup...
2026-04-18 09:37:02 [superviseur] Signal 'Lancer' recu !
2026-04-18 09:37:02 [superviseur] Lancement des backends...
2026-04-18 09:37:03 [superviseur] Companion: lance (PID 22164, port 5051)
2026-04-18 09:37:04 [superviseur] Port 3443: PID 17064 tue
2026-04-18 09:37:05 [superviseur] Backend V2: lance (PID 41032, port 3443)
2026-04-18 09:37:05 [superviseur] Attente des ports...
2026-04-18 09:37:05 [superviseur] Ports prets: [5051, 3443]
2026-04-18 09:37:05 [superviseur] Classic Outlook detecte \u2192 lancement Proto + icone tray
2026-04-18 09:37:06 [superviseur] Proto lance (PID 33976, port 5050)
2026-04-18 09:37:06 [superviseur] Icone tray lancee (PID 23260)
2026-04-18 09:37:06 [tray] Classic Outlook detecte — lancement icone tray
2026-04-18 09:37:06 [tray] Icone tray demarree
2026-04-18 09:40:02 [superviseur] Outlook ferme — arret des backends
2026-04-18 09:40:02 [superviseur] Arret des backends...
2026-04-18 09:40:02 [superviseur] Companion: arrete
2026-04-18 09:40:02 [superviseur] Backend V2: arrete
2026-04-18 09:40:03 [superviseur] Proto arrete
2026-04-18 09:40:03 [superviseur] Tray arrete
2026-04-18 09:40:03 [superviseur] Retour en mode attente Outlook...
2026-04-18 09:40:03 [superviseur] ==================================================
2026-04-18 09:40:03 [superviseur] BoosterMail Superviseur demarre (mode watcher)
2026-04-18 09:40:03 [superviseur] Repertoire: C:\EasyMail
2026-04-18 09:40:03 [superviseur] Pas de superviseur en cours
2026-04-18 09:40:03 [superviseur] pythonw: C:\Users\yvanb\AppData\Local\Python\pythoncore-3.14-64\pythonw.exe
2026-04-18 09:40:03 [superviseur] En attente d'Outlook...
2026-04-18 09:40:03 [superviseur] Attente 10s que les fenetres Outlook disparaissent...
2026-04-18 09:40:37 [superviseur] Outlook detecte (new_outlook) !
2026-04-18 09:40:39 [superviseur] Popup marketing lancee (processus separe)
2026-04-18 09:40:40 [superviseur] Attente clic utilisateur sur la popup...
2026-04-18 09:40:40 [superviseur] Signal 'Lancer' recu !
2026-04-18 09:40:40 [superviseur] Lancement des backends...
2026-04-18 09:40:41 [superviseur] Companion: lance (PID 31184, port 5051)
2026-04-18 09:40:43 [superviseur] Port 3443: PID 32192 tue
2026-04-18 09:40:43 [superviseur] Backend V2: lance (PID 23500, port 3443)
2026-04-18 09:40:43 [superviseur] Attente des ports...
2026-04-18 09:40:43 [superviseur] Ports prets: [5051, 3443]
2026-04-18 09:40:43 [superviseur] Classic Outlook detecte \u2192 lancement Proto + icone tray
2026-04-18 09:40:44 [superviseur] Proto lance (PID 7236, port 5050)
2026-04-18 09:40:44 [superviseur] Icone tray lancee (PID 19504)
2026-04-18 09:40:44 [tray] Classic Outlook detecte — lancement icone tray
2026-04-18 09:40:45 [tray] Icone tray demarree
2026-04-18 09:46:15 [superviseur] Companion: mort detecte
2026-04-18 09:46:15 [superviseur] Companion: relance (1/5)
2026-04-18 09:46:16 [superviseur] Companion: lance (PID 4444, port 5051)
2026-04-18 09:47:16 [superviseur] Companion: mort detecte
2026-04-18 09:47:16 [superviseur] Companion: relance (2/5)
2026-04-18 09:47:17 [superviseur] Companion: lance (PID 33696, port 5051)
2026-04-18 09:50:17 [superviseur] Companion: mort detecte
2026-04-18 09:50:17 [superviseur] Companion: relance (3/5)
2026-04-18 09:50:17 [superviseur] Port 5051: PID 5544 tue
2026-04-18 09:50:18 [superviseur] Companion: lance (PID 32540, port 5051)
2026-04-18 09:50:48 [superviseur] Outlook ferme — arret des backends
2026-04-18 09:50:48 [superviseur] Arret des backends...
2026-04-18 09:50:48 [superviseur] Companion: arrete
2026-04-18 09:50:48 [superviseur] Backend V2: arrete
2026-04-18 09:50:48 [superviseur] Proto arrete
2026-04-18 09:50:48 [superviseur] Tray arrete
2026-04-18 09:50:48 [superviseur] Retour en mode attente Outlook...
2026-04-18 09:50:48 [superviseur] ==================================================
2026-04-18 09:50:48 [superviseur] BoosterMail Superviseur demarre (mode watcher)
2026-04-18 09:50:48 [superviseur] Repertoire: C:\EasyMail
2026-04-18 09:50:48 [superviseur] Pas de superviseur en cours
2026-04-18 09:50:48 [superviseur] pythonw: C:\Users\yvanb\AppData\Local\Python\pythoncore-3.14-64\pythonw.exe
2026-04-18 09:50:48 [superviseur] En attente d'Outlook...
2026-04-18 09:50:48 [superviseur] Attente 10s que les fenetres Outlook disparaissent...
2026-04-18 09:50:58 [superviseur] Outlook detecte (new_outlook) !
2026-04-18 09:51:00 [superviseur] Popup marketing lancee (processus separe)
2026-04-18 09:51:01 [superviseur] Attente clic utilisateur sur la popup...
2026-04-18 09:51:02 [superviseur] Signal 'Lancer' recu !
2026-04-18 09:51:02 [superviseur] Lancement des backends...
2026-04-18 09:51:03 [superviseur] Companion: lance (PID 33308, port 5051)
2026-04-18 09:51:05 [superviseur] Port 3443: PID 23500 tue
2026-04-18 09:51:05 [superviseur] Backend V2: lance (PID 36656, port 3443)
2026-04-18 09:51:05 [superviseur] Attente des ports...
2026-04-18 09:51:05 [superviseur] Ports prets: [5051, 3443]
2026-04-18 09:51:05 [superviseur] Classic Outlook detecte \u2192 lancement Proto + icone tray
2026-04-18 09:51:06 [superviseur] Proto lance (PID 19840, port 5050)
2026-04-18 09:51:06 [superviseur] Icone tray lancee (PID 22180)
2026-04-18 09:51:07 [tray] Classic Outlook detecte — lancement icone tray
2026-04-18 09:51:07 [tray] Icone tray demarree
2026-04-18 10:03:07 [superviseur] Backend V2: mort detecte
2026-04-18 10:03:07 [superviseur] Backend V2: relance (1/5)
2026-04-18 10:03:07 [superviseur] Port 3443: PID 36656 tue
2026-04-18 10:03:08 [superviseur] Backend V2: lance (PID 33976, port 3443)
2026-04-18 10:03:43 [superviseur] Outlook ferme — arret des backends
2026-04-18 10:03:43 [superviseur] Arret des backends...
2026-04-18 10:03:43 [superviseur] Companion: arrete
2026-04-18 10:03:43 [superviseur] Backend V2: arrete
2026-04-18 10:03:43 [superviseur] Proto arrete
2026-04-18 10:03:43 [superviseur] Tray arrete
2026-04-18 10:03:43 [superviseur] Retour en mode attente Outlook...
2026-04-18 10:03:43 [superviseur] ==================================================
2026-04-18 10:03:43 [superviseur] BoosterMail Superviseur demarre (mode watcher)
2026-04-18 10:03:43 [superviseur] Repertoire: C:\EasyMail
2026-04-18 10:03:43 [superviseur] Pas de superviseur en cours
2026-04-18 10:03:43 [superviseur] pythonw: C:\Users\yvanb\AppData\Local\Python\pythoncore-3.14-64\pythonw.exe
2026-04-18 10:03:43 [superviseur] En attente d'Outlook...
2026-04-18 10:03:43 [superviseur] Attente 10s que les fenetres Outlook disparaissent...
2026-04-18 10:03:56 [superviseur] Outlook detecte (new_outlook) !
2026-04-18 10:03:58 [superviseur] Popup marketing lancee (processus separe)
2026-04-18 10:03:59 [superviseur] Attente clic utilisateur sur la popup...
2026-04-18 10:04:01 [superviseur] Signal 'Lancer' recu !
2026-04-18 10:04:01 [superviseur] Lancement des backends...
2026-04-18 10:04:02 [superviseur] Companion: lance (PID 35100, port 5051)
2026-04-18 10:04:03 [superviseur] Port 3443: PID 14760 tue
2026-04-18 10:04:04 [superviseur] Backend V2: lance (PID 31708, port 3443)
2026-04-18 10:04:04 [superviseur] Attente des ports...
2026-04-18 10:04:04 [superviseur] Ports prets: [5051, 3443]
2026-04-18 10:04:04 [superviseur] Classic Outlook detecte \u2192 lancement Proto + icone tray
2026-04-18 10:04:05 [superviseur] Proto lance (PID 30188, port 5050)
2026-04-18 10:04:05 [superviseur] Icone tray lancee (PID 26360)
2026-04-18 10:04:05 [tray] Classic Outlook detecte — lancement icone tray
2026-04-18 10:04:05 [tray] Icone tray demarree
2026-04-18 14:22:03 [superviseur] Outlook ferme — arret des backends
2026-04-18 14:22:03 [superviseur] Arret des backends...
2026-04-18 14:22:03 [superviseur] Companion: arrete
2026-04-18 14:22:03 [superviseur] Backend V2: arrete
2026-04-18 14:22:03 [superviseur] Tray arrete
2026-04-18 14:22:03 [superviseur] Retour en mode attente Outlook...
2026-04-18 14:22:03 [superviseur] ==================================================
2026-04-18 14:22:03 [superviseur] BoosterMail Superviseur demarre (mode watcher)
2026-04-18 14:22:03 [superviseur] Repertoire: C:\EasyMail
2026-04-18 14:22:03 [superviseur] Pas de superviseur en cours
2026-04-18 14:22:03 [superviseur] PREREQUIS: Certificat HTTPS introuvable
2026-04-18 14:22:03 [superviseur] PREREQUIS: Script introuvable: C:\EasyMail\V1_outlook\app_plugin.py
2026-04-18 14:22:03 [superviseur] Prerequis non remplis — abandon
2026-04-18 14:42:30 [superviseur] ==================================================
2026-04-18 14:42:30 [superviseur] BoosterMail Superviseur demarre (mode watcher)
2026-04-18 14:42:30 [superviseur] Repertoire: C:\EasyMail
2026-04-18 14:42:30 [superviseur] Pas de superviseur en cours
2026-04-18 14:42:30 [superviseur] pythonw: C:\Users\yvanb\AppData\Local\Python\pythoncore-3.14-64\pythonw.exe
2026-04-18 14:42:30 [superviseur] En attente d'Outlook...
2026-04-18 14:42:30 [superviseur] Outlook deja ouvert — attente qu'il se ferme d'abord (max 5 min)...
2026-04-18 14:42:54 [superviseur] Outlook ferme. En attente d'une NOUVELLE ouverture...
